C51 COMPILER V9.01   PWM                                                                   08/30/2013 10:11:54 PAGE 1   


C51 COMPILER V9.01, COMPILATION OF MODULE PWM
OBJECT MODULE PLACED IN PWM.OBJ
COMPILER INVOKED BY: D:\Keil\C51\BIN\C51.EXE PWM.c BROWSE DEBUG OBJECTEXTEND TABS(2)

line level    source

   1          #include <reg52.h>
   2          
   3          //--定义使用的IO口--//
   4          sbit PWM=P1^0;
   5          
   6          //--定义一个全局变量--//
   7          unsigned char timer1; 
   8          
   9          void Time1Config();
  10          
  11          /*******************************************************************************
  12          * 函 数 名       : main
  13          * 函数功能     : 主函数
  14          * 输    入       : 无
  15          * 输    出       : 无
  16          *******************************************************************************/
  17          
  18          void main(void)
  19          {
  20   1        Time1Config();
  21   1        while(1)
  22   1        { 
  23   2          if(timer1>100)  //PWM周期为100*0.5ms
  24   2          {
  25   3            timer1=0;
  26   3          }
  27   2          if(timer1 < 30) //改变30这个值可以改变直流电机的速度
  28   2          {
  29   3            PWM=1;
  30   3          }
  31   2          else
  32   2          {
  33   3            PWM=0;
  34   3          }
  35   2        }
  36   1        
  37   1      
  38   1       }
  39          
  40          /*******************************************************************************
  41          * 函 数 名       : Time1Config
  42          * 函数功能     : 设置定时器
  43          * 输    入       : 无
  44          * 输    出       : 无
  45          *******************************************************************************/
  46          
  47          void Time1Config()
  48          {
  49   1        TMOD|= 0x10;   //设置定时计数器工作方式1为定时器
  50   1      
  51   1        //--定时器赋初始值，12MHZ下定时0.5ms--//  
  52   1        TH1 = 0xFE; 
  53   1        TL1 = 0x0C;
  54   1      
  55   1        
C51 COMPILER V9.01   PWM                                                                   08/30/2013 10:11:54 PAGE 2   

  56   1        ET1 = 1;   //开启定时器1中断
  57   1        EA = 1;
  58   1        TR1 = 1;   //开启定时器 
  59   1      }
  60          
  61          /*******************************************************************************
  62          * 函 数 名       : Time1
  63          * 函数功能     : 定时器1的中断函数
  64          * 输    入       : 无
  65          * 输    出       : 无
  66          *******************************************************************************/
  67          
  68          void Time1(void) interrupt 3    //3 为定时器1的中断号  1 定时器0的中断号 0 外部中断1 2 外部中断2  4 串口中
             -断
  69          {
  70   1        TH1 = 0xFE;  //重新赋初值
  71   1        TL1 = 0x0C;
  72   1        timer1++;    
  73   1      }
  74          
  75          


MODULE INFORMATION:   STATIC OVERLAYABLE
   CODE SIZE        =     53    ----
   CONSTANT SIZE    =   ----    ----
   XDATA SIZE       =   ----    ----
   PDATA SIZE       =   ----    ----
   DATA SIZE        =      1    ----
   IDATA SIZE       =   ----    ----
   BIT SIZE         =   ----    ----
END OF MODULE INFORMATION.


C51 COMPILATION COMPLETE.  0 WARNING(S),  0 ERROR(S)
