C51 COMPILER V9.60.7.0   A                                                                 11/25/2024 14:26:05 PAGE 1   


C51 COMPILER V9.60.7.0, COMPILATION OF MODULE A
OBJECT MODULE PLACED IN .\Objects\a.obj
COMPILER INVOKED BY: C:\Keil_v5\C51\BIN\C51.EXE a.c OPTIMIZE(8,SPEED) BROWSE DEBUG OBJECTEXTEND PRINT(.\Listings\a.lst) 
                    -TABS(2) OBJECT(.\Objects\a.obj)

line level    source

   1          #include <regx52.h>
   2          #include <stdlib.h>
   3          
   4          /* Difficulty */
   5          #define TIMER0_COUNTER_MAX 10
   6          
   7          #define SNAKE_MAX_LENGTH 64
   8          #define GAME_OVER 1
   9          #define GAME_PLAYING 0
  10          
  11          /* Define 74HC595 Pin */
  12          sbit CLOCK = P3^6;
  13          sbit LATCH = P3^5;
  14          sbit DATA = P3^4;
  15          
  16          /* Counter variables */
  17          unsigned char timer2_counter = 0;
  18          unsigned char timer0_counter = 0;
  19          
  20          /* 8x8 Matrix Buffer */
  21          unsigned char xdata displayBuffer[8] = {0, 0, 0, 0, 0, 0, 0, 0};
  22          
  23          /* 4x4 Keypad assigned value */
  24          char code keypad[17] = {
  25              10, 'u', 10, 10,
  26              'l', 's', 'r', 10,
  27              10, 'd', 10, 10,
  28              10, 10, 10, 10,
  29              10
  30          };
  31          
  32          /* A point on display */
  33          typedef struct {
  34              unsigned char x;
  35              unsigned char y;
  36          } Point;
  37          
  38          /* Game objects */
  39          Point xdata snake[SNAKE_MAX_LENGTH];
  40          Point apple;
  41          unsigned char snakeLength = 0;
  42          unsigned char snakeDirection = 0;
  43          bit gameState = GAME_OVER;
  44          void Snake_Display();
  45          void Snake_Step();
  46          unsigned char isSnakeHitItself();
  47          void Apple_Create();
  48          void Apple_Display();
  49          void Display_Clear();
  50          void Display_Point(Point);
  51          void Display_Point2(unsigned x, unsigned y);
  52          void Keypad_Read();
  53          char Keypad_Check();
  54          char Keypad_Position(unsigned short value);
C51 COMPILER V9.60.7.0   A                                                                 11/25/2024 14:26:05 PAGE 2   

  55          
  56          /*//////////////////////////////////////2////////////////////////////*/
  57          
  58          void Matrix_StartDisplay();
  59          void Game_Init();
  60          void Game_Start();
  61          void Game_Stop();
  62          void main () {
  63   1      /* Variable to handle the keypad */
  64   1        unsigned char counter2 = 0;
  65   1        char key_clicked = 0;
  66   1        char pre_key_clicked = 0;
  67   1        /* Setup */
  68   1        P1 = 0xff; //Set to 1 to use as input
  69   1        P2 = 0;
  70   1        P0 = 0;
  71   1        EA = 1;
  72   1        LATCH = 0;
  73   1        DATA = 0;
  74   1        CLOCK = 0;
  75   1        /* Start display */
  76   1        Matrix_StartDisplay();
  77   1        /* Initialize the game */
  78   1        Game_Init();
  79   1      /* While loop. Check clicked key*/
  80   1        while(1){
  81   2          key_clicked = keypad[Keypad_Check()];
  82   2          if((pre_key_clicked != key_clicked) && (key_clicked !=10)){
  83   3      
  84   3            if ((gameState == GAME_OVER) && (key_clicked ='s'))
  85   3      {
  86   4      
  87   4              Game_Init();
  88   4              Game_Start();
  89   4            }
  90   3            else if (gameState == GAME_PLAYING){
  91   4              snakeDirection = key_clicked;
  92   4            
  93   4            }
  94   3          }
  95   2          pre_key_clicked = key_clicked;
  96   2        }
  97   1      }
  98          
  99          void Snake_Display(){
 100   1              unsigned char counter2 = 0;
 101   1              
 102   1            /*//////////////////////////////////////////3//////////////////////////*/
 103   1      
 104   1              Display_Clear();
 105   1              Apple_Display();
 106   1        
 107   1              if(snake[0].x>=2 && snake[0].x<=5 && (snake[0].y ==0 || snake[0].y==7)) Game_Stop();
 108   1              else if (snake[0].y>=2 && snake[0].y<=5 && (snake[0].x ==0 || snake[0].x==7)) Game_Stop();
 109   1              else// if(snake[0].x>1 && snake[0].x<7 && snake[0].y >1 && snake[0].y<7)
 110   1              for(counter2 = 0; counter2 < snakeLength; counter2++){
 111   2                Display_Point(snake[counter2]);
 112   2              }
 113   1            }
 114              
 115          
 116          void Snake_Step(){
C51 COMPILER V9.60.7.0   A                                                                 11/25/2024 14:26:05 PAGE 3   

 117   1      unsigned char counter2 = 0;
 118   1      /* Remember the position of the tail */
 119   1      Point snake_tail;
 120   1      snake_tail.x = snake[snakeLength - 1].x;
 121   1      snake_tail.y = snake[snakeLength - 1].y;
 122   1      
 123   1      switch (snakeDirection)
 124   1      {
 125   2      /* Turn right */
 126   2      case 'r':
 127   2        for(counter2 = snakeLength - 1; counter2 > 0; counter2--){
 128   3      
 129   3          /* counter2 run from last point to 1 */
 130   3          snake[counter2].x = snake[counter2 - 1].x;
 131   3          snake[counter2].y = snake[counter2- 1].y;
 132   3      }
 133   2      snake [0].x = snake[0].x + 1; //Try to go right
 134   2      if(snake[0].x == 8){
 135   3      /* If hit the edge */
 136   3        snake [0].x = 0;
 137   3      }
 138   2      break;
 139   2      /* Turn left */
 140   2      case 'l':
 141   2        for(counter2 = snakeLength - 1; counter2 > 0; counter2--){
 142   3      /* counter2 run from last point to 1 */
 143   3          snake [counter2].x = snake[counter2 - 1].x;
 144   3          snake[counter2].y = snake[counter2- 1].y;
 145   3        }
 146   2        snake [0].x --; //Try to go left
 147   2      if (snake[0].x == 255){
 148   3      /* If hit the edge */
 149   3        snake [0].x = 7;
 150   3      }
 151   2      break;
 152   2      
 153   2      case 'u':
 154   2      for(counter2 = snakeLength - 1; counter2 > 0; counter2--){
 155   3      
 156   3      /* counter2 run from last point to 1 */
 157   3      snake [counter2].x = snake[counter2 - 1].x;
 158   3      snake[counter2].y = snake[counter2 - 1].y;
 159   3      }
 160   2      snake [0].y++; //Try to go up
 161   2      if(snake[0].y == 8){
 162   3      /* If hit the edge */
 163   3      snake [0].y = 0;
 164   3      }
 165   2      break;
 166   2      
 167   2      case 'd':
 168   2      for(counter2 = snakeLength - 1; counter2 > 0; counter2--){
 169   3      
 170   3      /* counter2 run from last point to 1 */
 171   3      snake [counter2].x = snake[counter2 - 1].x;
 172   3      snake [counter2].y = snake[counter2 - 1].y;
 173   3      }
 174   2      snake[0].y --; //Try to go down
 175   2      if(snake[0].y == 255){
 176   3      /* If hit the edge */
 177   3      snake[0].y = 7;
 178   3      }
C51 COMPILER V9.60.7.0   A                                                                 11/25/2024 14:26:05 PAGE 4   

 179   2      break;
 180   2      
 181   2      default:
 182   2      break;
 183   2      }
 184   1      /* If snake eat an apple */
 185   1      if((snake[0].x == apple.x) && (snake[0].y == apple.y)){
 186   2        snake[snakeLength].x = snake_tail.x;
 187   2        snake[snakeLength].y = snake_tail.y;
 188   2        snakeLength++; //Increase snake's length
 189   2        Apple_Create();
 190   2      }
 191   1      /*///////////////////////////////////////////////////////////////////*/
 192   1      /* If snake hit itself */
 193   1      if(isSnakeHitItself()){
 194   2      Game_Stop();
 195   2      }
 196   1      /* Update the snake on display */
 197   1      Snake_Display();
 198   1      }
 199          
 200          unsigned char isSnakeHitItself(){
 201   1        unsigned char returnValue = 0;
 202   1        unsigned char counter2 = 0;
 203   1        for(counter2 = 1; counter2 < snakeLength; counter2++){
 204   2          returnValue = (snake[0].x == snake[counter2].x) && (snake[0].y == snake[counter2].y);
 205   2          if (returnValue) break;
 206   2        }
 207   1        return returnValue;
 208   1      }
 209          void Apple_Display(){
 210   1        
 211   1        static unsigned char blink_counter = 0;
 212   1          blink_counter++;
 213   1          if (blink_counter % 1 == 0) { // M?i 10 l?n hi?n th? th? d?i tr?ng th?i
 214   2              static bit apple_visible = 1;
 215   2              apple_visible = !apple_visible; // ??o tr?ng th?i
 216   2              
 217   2              if (apple_visible) {
 218   3                  Display_Point(apple); // Hi?n th? t?o
 219   3              } else {
 220   3                  Display_Clear(); // X?a t?o
 221   3              }
 222   2          }
 223   1        }
 224          void Apple_Create(){
 225   1      unsigned char check = 1;
 226   1      unsigned char counter2 = 0;
 227   1      do
 228   1      {
 229   2      apple.x = ((unsigned int) rand()) % 6+1;
 230   2      apple.y = ((unsigned int) rand()) % 6+1;
 231   2      for (counter2 = 0; counter2 < snakeLength; counter2++)
 232   2      {
 233   3      
 234   3      check = (apple.x == snake[counter2].x) && (apple.y == snake [counter2].y);
 235   3      if(check) break;
 236   3      }
 237   2      }
 238   1      
 239   1      while (check);
 240   1      }
C51 COMPILER V9.60.7.0   A                                                                 11/25/2024 14:26:05 PAGE 5   

 241          
 242          /* Clear the display */
 243          void Display_Clear(){
 244   1      
 245   1              /*/////////////////////////////////////////////////////////////////////////////*/
 246   1      
 247   1              unsigned char counter2 ;
 248   1              displayBuffer[0]=0x3C;
 249   1              displayBuffer[1]=0x0;
 250   1        
 251   1              for (counter2 = 2; counter2 < 6; counter2++)
 252   1              {
 253   2              displayBuffer [counter2] = 0x81;
 254   2              }
 255   1              displayBuffer[6]=0;
 256   1              displayBuffer[7]=0x3C;
 257   1      }
 258          /* Display a Point */
 259          void Display_Point(Point point){
 260   1      unsigned char x = point.x;
 261   1      unsigned char y = point.y;
 262   1      displayBuffer[7 - y] =displayBuffer[7- y] | (1 << (7-x));
 263   1      }
 264          char Keypad_Check(){
 265   1      unsigned short clickPos = 0;
 266   1      P1 = 0xef;
 267   1      clickPos = (clickPos << 4) | (P1 & 0x0f);
 268   1      P1 = 0xdf;
 269   1      clickPos = (clickPos << 4) | (P1 & 0x0f);
 270   1      P1 = 0xbf;
 271   1      clickPos = (clickPos << 4) | (P1 & 0x0f);
 272   1      P1 = 0x7f;
 273   1      clickPos = (clickPos << 4) | (P1 & 0x0f);
 274   1      return Keypad_Position(clickPos);
 275   1      }
 276          char Keypad_Position(unsigned short value){
 277   1      char returnvalue = 16;
 278   1      switch (value & 0xff)
 279   1      {
 280   2      case 0xf7:
 281   2      returnvalue = 0;
 282   2      break;
 283   2      case 0xfb:
 284   2      returnvalue = 1;
 285   2      break;
 286   2      case 0xfd:
 287   2      returnvalue = 2;
 288   2      break;
 289   2      case 0xfe:
 290   2      returnvalue = 3;
 291   2      break;
 292   2      case 0x7f:
 293   2      returnvalue = 4;
 294   2      break;
 295   2      case 0xbf:
 296   2      returnvalue = 5;
 297   2      break;
 298   2      case 0xdf:
 299   2      returnvalue = 6;
 300   2      break;
 301   2      case 0xef:
 302   2      returnvalue = 7;
C51 COMPILER V9.60.7.0   A                                                                 11/25/2024 14:26:05 PAGE 6   

 303   2      break;
 304   2      default:
 305   2      value = value >> 8;
 306   2      switch (value & 0xff)
 307   2      {
 308   3      case 0xf7:
 309   3      returnvalue = 8;
 310   3      break;
 311   3      case 0xfb:
 312   3      returnvalue = 9;
 313   3      break;
 314   3      case 0xfd:
 315   3      returnvalue = 10;
 316   3      break;
 317   3      case 0xfe:
 318   3      returnvalue = 11;
 319   3      break;
 320   3      case 0x7f:
 321   3      returnvalue = 12;
 322   3      break;
 323   3      case 0xbf:
 324   3      returnvalue = 13;
 325   3      break;
 326   3      case 0xdf:
 327   3      returnvalue = 14;
 328   3      break;
 329   3      case 0xef:
 330   3      returnvalue = 15;
 331   3      break;
 332   3      /*/////////////////////////////////////////////////////////////*/
 333   3      }
 334   2      break;
 335   2      }
 336   1      return returnvalue;
 337   1      }
 338          void Timer0_Isr(void) interrupt 1
 339          {
 340   1      TL0 = 0x00;
 341   1      TH0 = 0x04;
 342   1      timer0_counter++;
 343   1      if(timer0_counter == TIMER0_COUNTER_MAX){
 344   2      timer0_counter = 0;
 345   2      Snake_Step();
 346   2      }
 347   1      //Initial timer vatue
 348   1      //Initial timer value
 349   1      }
 350          void Game_Init(){
 351   1      snakeLength = 3;
 352   1      /* Initial apple position */
 353   1      apple.x = 5;
 354   1      apple.y = 5;
 355   1      /* Initial snake position */
 356   1      snake [2].x = 3;
 357   1      snake [2].y = 3;
 358   1      snake [1].x = 4;
 359   1      snake [1].y = 3;
 360   1      snake [0].x = 5;
 361   1      snake [0].y = 3;
 362   1      /* Initial direction */
 363   1      snakeDirection = 'r';
 364   1      gameState = GAME_OVER;
C51 COMPILER V9.60.7.0   A                                                                 11/25/2024 14:26:05 PAGE 7   

 365   1      Snake_Display();
 366   1      }
 367          void Game_Start(void)
 368          {
 369   1      
 370   1      TMOD &= 0xF0;
 371   1      TMOD |= 0x01;
 372   1      TL0 = 0x00;
 373   1      TH0 = 0x04;
 374   1      TF0 = 0;
 375   1      TR0 = 1;
 376   1      
 377   1      //70ms@11.0592MHz
 378   1      
 379   1      //Set timer work mode
 380   1      //Set timer work mode
 381   1      //Initial timer value
 382   1      //Initial timer value
 383   1      //Clear TF0 flag
 384   1      //Timer0 start run
 385   1      
 386   1      /*///////////////////////////////////////////////////*/
 387   1      
 388   1      ET0 = 1;
 389   1      
 390   1      //Stop the timer0
 391   1      
 392   1      //2ms@11.0592MHz
 393   1      
 394   1      //Initial timer work mode register
 395   1      //Initial timer control register
 396   1      //Initial timer value
 397   1      //Initial timer value
 398   1      //Set reload value
 399   1      
 400   1      //Timer2 start run
 401   1      
 402   1      //Enable timer0 interrupt
 403   1      gameState = GAME_PLAYING;
 404   1      }
 405          void Game_Stop(){
 406   1      TR0 = 0;
 407   1      gameState = GAME_OVER;
 408   1      }
 409          void Timer2_Isr(void) interrupt 5
 410          {
 411   1      TF2 = 0;
 412   1      DATA = timer2_counter == 0;
 413   1      CLOCK = 1;
 414   1      P0 = ~displayBuffer[7 - timer2_counter];
 415   1      LATCH = 1;
 416   1      timer2_counter++;
 417   1      if(timer2_counter == 8) timer2_counter = 0;
 418   1      CLOCK = 0;
 419   1      LATCH = 0;
 420   1      }
 421          void Matrix_StartDisplay(void)
 422          {
 423   1      
 424   1      T2MOD =0;
 425   1      T2CON = 0;
 426   1      TL2 = 0xCD;
C51 COMPILER V9.60.7.0   A                                                                 11/25/2024 14:26:05 PAGE 8   

 427   1      TH2 = 0xF8;
 428   1      RCAP2L = 0xCD;
 429   1      RCAP2H = 0xF8;
 430   1      TR2 =1;
 431   1      ET2 = 1;
 432   1      }
 433          


MODULE INFORMATION:   STATIC OVERLAYABLE
   CODE SIZE        =   1435    ----
   CONSTANT SIZE    =     17    ----
   XDATA SIZE       =    136    ----
   PDATA SIZE       =   ----    ----
   DATA SIZE        =      7      10
   IDATA SIZE       =   ----    ----
   BIT SIZE         =      2    ----
END OF MODULE INFORMATION.


C51 COMPILATION COMPLETE.  0 WARNING(S),  0 ERROR(S)
