BL51 BANKED LINKER/LOCATER V6.22.4.0                                                    11/25/2024  14:26:05  PAGE 1


BL51 BANKED LINKER/LOCATER V6.22.4.0, INVOKED BY:
C:\KEIL_V5\C51\BIN\BL51.EXE .\Objects\STARTUP.obj, .\Objects\a.obj TO .\Objects\snake PRINT (.\Listings\snake.m51) RAMSI
>> ZE (256)


MEMORY MODEL: SMALL


INPUT MODULES INCLUDED:
  .\Objects\STARTUP.obj (?C_STARTUP)
  .\Objects\a.obj (A)
  C:\KEIL_V5\C51\LIB\C51S.LIB (?C_INIT)
  C:\KEIL_V5\C51\LIB\C51S.LIB (?C?COPY)
  C:\KEIL_V5\C51\LIB\C51S.LIB (?C?UIDIV)
  C:\KEIL_V5\C51\LIB\C51S.LIB (RAND)


LINK MAP OF MODULE:  .\Objects\snake (?C_STARTUP)


            TYPE    BASE      LENGTH    RELOCATION   SEGMENT NAME
            -----------------------------------------------------

            * * * * * * *   D A T A   M E M O R Y   * * * * * * *
            REG     0000H     0008H     ABSOLUTE     "REG BANK 0"
            DATA    0008H     000BH     UNIT         _DATA_GROUP_
            DATA    0013H     0007H     UNIT         ?DT?A
            DATA    001AH     0004H     UNIT         ?DT?RAND?RAND
                    001EH     0002H                  *** GAP ***
            BIT     0020H.0   0000H.2   UNIT         ?BI?A
                    0020H.2   0000H.6                *** GAP ***
            IDATA   0021H     0001H     UNIT         ?STACK

            * * * * * * *  X D A T A   M E M O R Y  * * * * * * *
            XDATA   0000H     0088H     UNIT         ?XD?A

            * * * * * * *   C O D E   M E M O R Y   * * * * * * *
            CODE    0000H     0003H     ABSOLUTE     
                    0003H     0008H                  *** GAP ***
            CODE    000BH     0003H     ABSOLUTE     
                    000EH     001DH                  *** GAP ***
            CODE    002BH     0003H     ABSOLUTE     
                    002EH     07D2H                  *** GAP ***
            CODE    0800H     01CBH     UNIT         ?PR?SNAKE_STEP?A
            CODE    09CBH     014BH     UNIT         ?C?LIB_CODE
            CODE    0B16H     0094H     UNIT         ?PR?_KEYPAD_POSITION?A
            CODE    0BAAH     008CH     UNIT         ?C_C51STARTUP
            CODE    0C36H     006FH     UNIT         ?PR?SNAKE_DISPLAY?A
            CODE    0CA5H     0062H     UNIT         ?PR?KEYPAD_CHECK?A
            CODE    0D07H     005DH     UNIT         ?PR?APPLE_CREATE?A
            CODE    0D64H     0055H     UNIT         ?PR?MAIN?A
            CODE    0DB9H     0052H     UNIT         ?PR?TIMER2_ISR?A
            CODE    0E0BH     004DH     UNIT         ?PR?RAND?RAND
            CODE    0E58H     004BH     UNIT         ?PR?TIMER0_ISR?A
            CODE    0EA3H     0043H     UNIT         ?PR?ISSNAKEHITITSELF?A
            CODE    0EE6H     0038H     UNIT         ?PR?DISPLAY_POINT?A
            CODE    0F1EH     002BH     UNIT         ?PR?GAME_INIT?A
            CODE    0F49H     0028H     UNIT         ?PR?APPLE_DISPLAY?A
BL51 BANKED LINKER/LOCATER V6.22.4.0                                                  11/25/2024  14:26:05  PAGE 2


            CODE    0F71H     001FH     UNIT         ?C_INITSEG
            CODE    0F90H     001EH     UNIT         ?PR?DISPLAY_CLEAR?A
            CODE    0FAEH     0016H     UNIT         ?PR?MATRIX_STARTDISPLAY?A
            CODE    0FC4H     0015H     UNIT         ?PR?GAME_START?A
            CODE    0FD9H     0011H     UNIT         ?CO?A
            CODE    0FEAH     0005H     UNIT         ?PR?GAME_STOP?A



OVERLAY MAP OF MODULE:   .\Objects\snake (?C_STARTUP)


SEGMENT                             DATA_GROUP 
  +--> CALLED SEGMENT             START    LENGTH
-------------------------------------------------
?C_C51STARTUP                     -----    -----
  +--> ?PR?MAIN?A
  +--> ?C_INITSEG

?PR?MAIN?A                        0008H    0003H
  +--> ?PR?MATRIX_STARTDISPLAY?A
  +--> ?PR?GAME_INIT?A
  +--> ?PR?KEYPAD_CHECK?A
  +--> ?CO?A
  +--> ?PR?GAME_START?A

?PR?GAME_INIT?A                   -----    -----
  +--> ?PR?SNAKE_DISPLAY?A

?PR?SNAKE_DISPLAY?A               0010H    0001H
  +--> ?PR?DISPLAY_CLEAR?A
  +--> ?PR?APPLE_DISPLAY?A
  +--> ?PR?GAME_STOP?A
  +--> ?PR?DISPLAY_POINT?A

?PR?APPLE_DISPLAY?A               -----    -----
  +--> ?PR?DISPLAY_POINT?A
  +--> ?PR?DISPLAY_CLEAR?A

?PR?DISPLAY_POINT?A               0011H    0002H

?PR?KEYPAD_CHECK?A                -----    -----
  +--> ?PR?_KEYPAD_POSITION?A

?PR?_KEYPAD_POSITION?A            000BH    0001H

*** NEW ROOT ***************************************************

?PR?TIMER0_ISR?A                  -----    -----
  +--> ?PR?SNAKE_STEP?A

?PR?SNAKE_STEP?A                  000EH    0002H
  +--> ?PR?APPLE_CREATE?A
  +--> ?PR?ISSNAKEHITITSELF?A
  +--> ?PR?GAME_STOP?A
  +--> ?PR?SNAKE_DISPLAY?A

BL51 BANKED LINKER/LOCATER V6.22.4.0                                                  11/25/2024  14:26:05  PAGE 3


?PR?APPLE_CREATE?A                0010H    0001H
  +--> ?PR?RAND?RAND



SYMBOL TABLE OF MODULE:  .\Objects\snake (?C_STARTUP)

  VALUE           TYPE          NAME
  ----------------------------------

  -------         MODULE        ?C_STARTUP
  C:0BAAH         SEGMENT       ?C_C51STARTUP
  I:0021H         SEGMENT       ?STACK
  C:0000H         PUBLIC        ?C_STARTUP
  D:00E0H         SYMBOL        ACC
  D:00F0H         SYMBOL        B
  D:0083H         SYMBOL        DPH
  D:0082H         SYMBOL        DPL
  N:0000H         SYMBOL        IBPSTACK
  N:0100H         SYMBOL        IBPSTACKTOP
  N:0080H         SYMBOL        IDATALEN
  C:0BADH         SYMBOL        IDATALOOP
  N:0000H         SYMBOL        PBPSTACK
  N:0100H         SYMBOL        PBPSTACKTOP
  N:0000H         SYMBOL        PDATALEN
  N:0000H         SYMBOL        PDATASTART
  N:0000H         SYMBOL        PPAGE
  N:0000H         SYMBOL        PPAGEENABLE
  D:00A0H         SYMBOL        PPAGE_SFR
  D:0081H         SYMBOL        SP
  C:0BAAH         SYMBOL        STARTUP1
  N:0000H         SYMBOL        XBPSTACK
  N:0000H         SYMBOL        XBPSTACKTOP
  N:0000H         SYMBOL        XDATALEN
  N:0000H         SYMBOL        XDATASTART
  C:0000H         LINE#         126
  C:0BAAH         LINE#         133
  C:0BACH         LINE#         134
  C:0BADH         LINE#         135
  C:0BAEH         LINE#         136
  C:0BB0H         LINE#         185
  C:0BB3H         LINE#         196
  -------         ENDMOD        ?C_STARTUP

  -------         MODULE        A
  C:0000H         SYMBOL        _ICE_DUMMY_
  D:0080H         PUBLIC        P0
  D:0090H         PUBLIC        P1
  C:0FD9H         PUBLIC        keypad
  D:00A0H         PUBLIC        P2
  D:00B0H         PUBLIC        P3
  C:0FEAH         PUBLIC        Game_Stop
  B:00A8H.7       PUBLIC        EA
  D:0014H         PUBLIC        apple
  X:0000H         PUBLIC        snake
  B:00B0H.4       PUBLIC        DATA
  C:0B16H         PUBLIC        _Keypad_Position
BL51 BANKED LINKER/LOCATER V6.22.4.0                                                  11/25/2024  14:26:05  PAGE 4


  B:0020H.1       PUBLIC        gameState
  D:00CBH         PUBLIC        RCAP2H
  C:0CA5H         PUBLIC        Keypad_Check
  C:0F90H         PUBLIC        Display_Clear
  D:00CAH         PUBLIC        RCAP2L
  C:0D64H         PUBLIC        main
  C:0D07H         PUBLIC        Apple_Create
  C:0F49H         PUBLIC        Apple_Display
  C:0C36H         PUBLIC        Snake_Display
  D:0089H         PUBLIC        TMOD
  D:0016H         PUBLIC        timer0_counter
  D:0017H         PUBLIC        timer2_counter
  D:0018H         PUBLIC        snakeDirection
  C:0E58H         PUBLIC        Timer0_Isr
  C:0DB9H         PUBLIC        Timer2_Isr
  C:0FAEH         PUBLIC        Matrix_StartDisplay
  C:0EE6H         PUBLIC        Display_Point
  B:00A8H.1       PUBLIC        ET0
  B:0088H.5       PUBLIC        TF0
  B:00A8H.5       PUBLIC        ET2
  B:00C8H.7       PUBLIC        TF2
  D:008CH         PUBLIC        TH0
  D:00CDH         PUBLIC        TH2
  D:008AH         PUBLIC        TL0
  D:00CCH         PUBLIC        TL2
  B:0088H.4       PUBLIC        TR0
  B:00C8H.2       PUBLIC        TR2
  X:0080H         PUBLIC        displayBuffer
  C:0EA3H         PUBLIC        isSnakeHitItself
  D:00C9H         PUBLIC        T2MOD
  D:00C8H         PUBLIC        T2CON
  C:0FC4H         PUBLIC        Game_Start
  B:00B0H.5       PUBLIC        LATCH
  B:00B0H.6       PUBLIC        CLOCK
  C:0F1EH         PUBLIC        Game_Init
  C:0800H         PUBLIC        Snake_Step
  D:0019H         PUBLIC        snakeLength
  -------         PROC          MAIN
  -------         DO            
  D:0008H         SYMBOL        counter2
  D:0009H         SYMBOL        key_clicked
  D:000AH         SYMBOL        pre_key_clicked
  -------         ENDDO         
  C:0D64H         LINE#         62
  C:0D64H         LINE#         64
  C:0D67H         LINE#         65
  C:0D69H         LINE#         66
  C:0D6BH         LINE#         68
  C:0D6EH         LINE#         69
  C:0D70H         LINE#         70
  C:0D72H         LINE#         71
  C:0D74H         LINE#         72
  C:0D76H         LINE#         73
  C:0D78H         LINE#         74
  C:0D7AH         LINE#         76
  C:0D7DH         LINE#         78
  C:0D80H         LINE#         80
BL51 BANKED LINKER/LOCATER V6.22.4.0                                                  11/25/2024  14:26:05  PAGE 5


  C:0D80H         LINE#         81
  C:0D96H         LINE#         82
  C:0DA0H         LINE#         84
  C:0DA6H         LINE#         85
  C:0DA6H         LINE#         87
  C:0DA9H         LINE#         88
  C:0DACH         LINE#         89
  C:0DAEH         LINE#         90
  C:0DB1H         LINE#         91
  C:0DB4H         LINE#         93
  C:0DB4H         LINE#         94
  C:0DB4H         LINE#         95
  C:0DB7H         LINE#         96
  -------         ENDPROC       MAIN
  -------         PROC          SNAKE_DISPLAY
  -------         DO            
  D:0010H         SYMBOL        counter2
  -------         ENDDO         
  C:0C36H         LINE#         99
  C:0C36H         LINE#         100
  C:0C39H         LINE#         104
  C:0C3CH         LINE#         105
  C:0C3FH         LINE#         107
  C:0C59H         LINE#         108
  C:0C76H         LINE#         110
  C:0C80H         LINE#         111
  C:0CA0H         LINE#         112
  C:0CA4H         LINE#         113
  -------         ENDPROC       SNAKE_DISPLAY
  -------         PROC          SNAKE_STEP
  -------         DO            
  D:0007H         SYMBOL        counter2
  D:000EH         SYMBOL        snake_tail
  -------         ENDDO         
  C:0800H         LINE#         116
  C:0800H         LINE#         117
  C:0802H         LINE#         120
  C:0812H         LINE#         121
  C:0822H         LINE#         123
  C:083DH         LINE#         124
  C:083DH         LINE#         126
  C:083DH         LINE#         127
  C:0847H         LINE#         130
  C:0863H         LINE#         131
  C:087FH         LINE#         132
  C:0882H         LINE#         133
  C:0888H         LINE#         134
  C:0890H         LINE#         136
  C:0891H         LINE#         137
  C:0891H         LINE#         138
  C:0894H         LINE#         140
  C:0894H         LINE#         141
  C:089EH         LINE#         143
  C:08BAH         LINE#         144
  C:08D6H         LINE#         145
  C:08D9H         LINE#         146
  C:08DFH         LINE#         147
BL51 BANKED LINKER/LOCATER V6.22.4.0                                                  11/25/2024  14:26:05  PAGE 6


  C:08E6H         LINE#         149
  C:08E6H         LINE#         150
  C:08E6H         LINE#         151
  C:08E9H         LINE#         153
  C:08E9H         LINE#         154
  C:08F3H         LINE#         157
  C:090FH         LINE#         158
  C:092BH         LINE#         159
  C:092EH         LINE#         160
  C:0934H         LINE#         161
  C:0939H         LINE#         163
  C:093AH         LINE#         164
  C:093AH         LINE#         165
  C:093CH         LINE#         167
  C:093CH         LINE#         168
  C:0946H         LINE#         171
  C:0962H         LINE#         172
  C:097EH         LINE#         173
  C:0981H         LINE#         174
  C:0987H         LINE#         175
  C:098BH         LINE#         177
  C:098EH         LINE#         178
  C:098EH         LINE#         179
  C:098EH         LINE#         181
  C:098EH         LINE#         182
  C:098EH         LINE#         183
  C:098EH         LINE#         185
  C:099AH         LINE#         186
  C:09AAH         LINE#         187
  C:09BAH         LINE#         188
  C:09BCH         LINE#         189
  C:09BFH         LINE#         190
  C:09BFH         LINE#         193
  C:09C5H         LINE#         194
  C:09C8H         LINE#         195
  C:09C8H         LINE#         197
  -------         ENDPROC       SNAKE_STEP
  -------         PROC          ISSNAKEHITITSELF
  -------         DO            
  D:0007H         SYMBOL        returnValue
  D:0006H         SYMBOL        counter2
  -------         ENDDO         
  C:0EA3H         LINE#         200
  C:0EA3H         LINE#         201
  C:0EA5H         LINE#         202
  C:0EA6H         LINE#         203
  C:0EADH         LINE#         204
  C:0EDFH         LINE#         205
  C:0EE2H         LINE#         206
  C:0EE5H         LINE#         207
  C:0EE5H         LINE#         208
  -------         ENDPROC       ISSNAKEHITITSELF
  -------         PROC          APPLE_DISPLAY
  -------         DO            
  D:0013H         SYMBOL        blink_counter
  -------         DO            
  B:0020H.0       SYMBOL        apple_visible
BL51 BANKED LINKER/LOCATER V6.22.4.0                                                  11/25/2024  14:26:05  PAGE 7


  -------         ENDDO         
  -------         ENDDO         
  C:0F49H         LINE#         209
  C:0F49H         LINE#         212
  C:0F4BH         LINE#         213
  C:0F55H         LINE#         215
  C:0F57H         LINE#         217
  C:0F5AH         LINE#         218
  C:0F6DH         LINE#         219
  C:0F6DH         LINE#         220
  C:0F70H         LINE#         221
  C:0F70H         LINE#         222
  C:0F70H         LINE#         223
  -------         ENDPROC       APPLE_DISPLAY
  -------         PROC          APPLE_CREATE
  -------         DO            
  D:0010H         SYMBOL        check
  D:0007H         SYMBOL        counter2
  -------         ENDDO         
  C:0D07H         LINE#         224
  C:0D07H         LINE#         225
  C:0D0AH         LINE#         226
  C:0D0CH         LINE#         228
  C:0D0CH         LINE#         229
  C:0D1AH         LINE#         230
  C:0D28H         LINE#         231
  C:0D30H         LINE#         232
  C:0D30H         LINE#         234
  C:0D58H         LINE#         235
  C:0D5CH         LINE#         236
  C:0D5FH         LINE#         237
  C:0D5FH         LINE#         239
  C:0D63H         LINE#         240
  -------         ENDPROC       APPLE_CREATE
  -------         PROC          DISPLAY_CLEAR
  -------         DO            
  D:0007H         SYMBOL        counter2
  -------         ENDDO         
  C:0F90H         LINE#         243
  C:0F90H         LINE#         248
  C:0F96H         LINE#         249
  C:0F99H         LINE#         251
  C:0F99H         LINE#         252
  C:0F99H         LINE#         253
  C:0FA4H         LINE#         254
  C:0FA4H         LINE#         255
  C:0FA9H         LINE#         256
  C:0FADH         LINE#         257
  -------         ENDPROC       DISPLAY_CLEAR
  -------         PROC          DISPLAY_POINT
  D:0011H         SYMBOL        point
  -------         DO            
  D:0007H         SYMBOL        x
  D:0006H         SYMBOL        y
  -------         ENDDO         
  C:0EE6H         LINE#         259
  C:0EE6H         LINE#         260
BL51 BANKED LINKER/LOCATER V6.22.4.0                                                  11/25/2024  14:26:05  PAGE 8


  C:0EE6H         LINE#         261
  C:0EE8H         LINE#         262
  C:0F1DH         LINE#         263
  -------         ENDPROC       DISPLAY_POINT
  -------         PROC          KEYPAD_CHECK
  -------         DO            
  D:0006H         SYMBOL        clickPos
  -------         ENDDO         
  C:0CA5H         LINE#         264
  C:0CA5H         LINE#         265
  C:0CA7H         LINE#         266
  C:0CAAH         LINE#         267
  C:0CBEH         LINE#         268
  C:0CC1H         LINE#         269
  C:0CD5H         LINE#         270
  C:0CD8H         LINE#         271
  C:0CECH         LINE#         272
  C:0CEFH         LINE#         273
  C:0D04H         LINE#         274
  -------         ENDPROC       KEYPAD_CHECK
  -------         PROC          _KEYPAD_POSITION
  D:0006H         SYMBOL        value
  -------         DO            
  D:000BH         SYMBOL        returnvalue
  -------         ENDDO         
  C:0B16H         LINE#         276
  C:0B16H         LINE#         277
  C:0B19H         LINE#         278
  C:0B39H         LINE#         279
  C:0B39H         LINE#         280
  C:0B39H         LINE#         281
  C:0B3CH         LINE#         282
  C:0B3EH         LINE#         283
  C:0B3EH         LINE#         284
  C:0B41H         LINE#         285
  C:0B43H         LINE#         286
  C:0B43H         LINE#         287
  C:0B46H         LINE#         288
  C:0B48H         LINE#         289
  C:0B48H         LINE#         290
  C:0B4BH         LINE#         291
  C:0B4DH         LINE#         292
  C:0B4DH         LINE#         293
  C:0B50H         LINE#         294
  C:0B52H         LINE#         295
  C:0B52H         LINE#         296
  C:0B55H         LINE#         297
  C:0B57H         LINE#         298
  C:0B57H         LINE#         299
  C:0B5AH         LINE#         300
  C:0B5CH         LINE#         301
  C:0B5CH         LINE#         302
  C:0B5FH         LINE#         303
  C:0B61H         LINE#         304
  C:0B61H         LINE#         305
  C:0B62H         LINE#         306
  C:0B81H         LINE#         307
BL51 BANKED LINKER/LOCATER V6.22.4.0                                                  11/25/2024  14:26:05  PAGE 9


  C:0B81H         LINE#         308
  C:0B81H         LINE#         309
  C:0B84H         LINE#         310
  C:0B86H         LINE#         311
  C:0B86H         LINE#         312
  C:0B89H         LINE#         313
  C:0B8BH         LINE#         314
  C:0B8BH         LINE#         315
  C:0B8EH         LINE#         316
  C:0B90H         LINE#         317
  C:0B90H         LINE#         318
  C:0B93H         LINE#         319
  C:0B95H         LINE#         320
  C:0B95H         LINE#         321
  C:0B98H         LINE#         322
  C:0B9AH         LINE#         323
  C:0B9AH         LINE#         324
  C:0B9DH         LINE#         325
  C:0B9FH         LINE#         326
  C:0B9FH         LINE#         327
  C:0BA2H         LINE#         328
  C:0BA4H         LINE#         329
  C:0BA4H         LINE#         330
  C:0BA7H         LINE#         331
  C:0BA7H         LINE#         333
  C:0BA7H         LINE#         334
  C:0BA7H         LINE#         335
  C:0BA7H         LINE#         336
  C:0BA9H         LINE#         337
  -------         ENDPROC       _KEYPAD_POSITION
  -------         PROC          TIMER0_ISR
  C:0E58H         LINE#         338
  C:0E75H         LINE#         340
  C:0E78H         LINE#         341
  C:0E7BH         LINE#         342
  C:0E7DH         LINE#         343
  C:0E82H         LINE#         344
  C:0E85H         LINE#         345
  C:0E88H         LINE#         346
  C:0E88H         LINE#         349
  -------         ENDPROC       TIMER0_ISR
  -------         PROC          GAME_INIT
  C:0F1EH         LINE#         350
  C:0F1EH         LINE#         351
  C:0F21H         LINE#         353
  C:0F24H         LINE#         354
  C:0F27H         LINE#         356
  C:0F2DH         LINE#         357
  C:0F2FH         LINE#         358
  C:0F34H         LINE#         359
  C:0F37H         LINE#         360
  C:0F3DH         LINE#         361
  C:0F41H         LINE#         363
  C:0F44H         LINE#         364
  C:0F46H         LINE#         365
  -------         ENDPROC       GAME_INIT
  -------         PROC          GAME_START
BL51 BANKED LINKER/LOCATER V6.22.4.0                                                  11/25/2024  14:26:05  PAGE 10


  C:0FC4H         LINE#         367
  C:0FC4H         LINE#         368
  C:0FC4H         LINE#         370
  C:0FC7H         LINE#         371
  C:0FCAH         LINE#         372
  C:0FCDH         LINE#         373
  C:0FD0H         LINE#         374
  C:0FD2H         LINE#         375
  C:0FD4H         LINE#         388
  C:0FD6H         LINE#         403
  C:0FD8H         LINE#         404
  -------         ENDPROC       GAME_START
  -------         PROC          GAME_STOP
  C:0FEAH         LINE#         405
  C:0FEAH         LINE#         406
  C:0FECH         LINE#         407
  C:0FEEH         LINE#         408
  -------         ENDPROC       GAME_STOP
  -------         PROC          TIMER2_ISR
  C:0DB9H         LINE#         409
  C:0DC8H         LINE#         411
  C:0DCAH         LINE#         412
  C:0DD4H         LINE#         413
  C:0DD6H         LINE#         414
  C:0DEEH         LINE#         415
  C:0DF0H         LINE#         416
  C:0DF2H         LINE#         417
  C:0DFAH         LINE#         418
  C:0DFCH         LINE#         419
  C:0DFEH         LINE#         420
  -------         ENDPROC       TIMER2_ISR
  -------         PROC          MATRIX_STARTDISPLAY
  C:0FAEH         LINE#         421
  C:0FAEH         LINE#         422
  C:0FAEH         LINE#         424
  C:0FB1H         LINE#         425
  C:0FB3H         LINE#         426
  C:0FB6H         LINE#         427
  C:0FB9H         LINE#         428
  C:0FBCH         LINE#         429
  C:0FBFH         LINE#         430
  C:0FC1H         LINE#         431
  C:0FC3H         LINE#         432
  -------         ENDPROC       MATRIX_STARTDISPLAY
  -------         ENDMOD        A

  -------         MODULE        ?C?COPY
  C:0A9BH         PUBLIC        ?C?COPY
  -------         ENDMOD        ?C?COPY

  -------         MODULE        ?C?UIDIV
  C:0AC1H         PUBLIC        ?C?UIDIV
  -------         ENDMOD        ?C?UIDIV

  -------         MODULE        RAND
  D:001AH         PUBLIC        ?SRAND?BYTE
  C:0E0BH         PUBLIC        RAND
BL51 BANKED LINKER/LOCATER V6.22.4.0                                                  11/25/2024  14:26:05  PAGE 11


  C:0E4DH         PUBLIC        _SRAND
  -------         ENDMOD        RAND

*** WARNING L15: MULTIPLE CALL TO SEGMENT
    SEGMENT: ?PR?SNAKE_DISPLAY?A
    CALLER1: ?C_C51STARTUP
    CALLER2: ?PR?TIMER0_ISR?A

*** WARNING L15: MULTIPLE CALL TO SEGMENT
    SEGMENT: ?PR?DISPLAY_POINT?A
    CALLER1: ?C_C51STARTUP
    CALLER2: ?PR?TIMER0_ISR?A

******************************************************************************
* RESTRICTED VERSION WITH 0800H BYTE CODE SIZE LIMIT; USED: 05DFH BYTE (73%) *
******************************************************************************

Program Size: data=31.2 xdata=136 code=2040
LINK/LOCATE RUN COMPLETE.  2 WARNING(S),  0 ERROR(S)
