BL51 BANKED LINKER/LOCATER V6.22                                                        09/06/2013  00:20:30  PAGE 1


BL51 BANKED LINKER/LOCATER V6.22, INVOKED BY:
D:\KEIL\C51\BIN\BL51.EXE STARTUP.obj, lcd12864.obj, main.obj TO pro


MEMORY MODEL: SMALL


INPUT MODULES INCLUDED:
  STARTUP.obj (?C_STARTUP)
  lcd12864.obj (LCD12864)
  main.obj (MAIN)


LINK MAP OF MODULE:  pro (?C_STARTUP)


            TYPE    BASE      LENGTH    RELOCATION   SEGMENT NAME
            -----------------------------------------------------

            * * * * * * *   D A T A   M E M O R Y   * * * * * * *
            REG     0000H     0008H     ABSOLUTE     "REG BANK 0"
            DATA    0008H     0001H     UNIT         _DATA_GROUP_
            IDATA   0009H     0001H     UNIT         ?STACK

            * * * * * * *   C O D E   M E M O R Y   * * * * * * *
            CODE    0000H     0003H     ABSOLUTE     
            CODE    0003H     0032H     UNIT         ?PR?MAIN?MAIN
            CODE    0035H     0027H     UNIT         ?CO?MAIN
            CODE    005CH     0025H     UNIT         ?PR?_LCD12864_DELAY1MS?LCD12864
            CODE    0081H     0024H     UNIT         ?PR?LCD12864_BUSY?LCD12864
            CODE    00A5H     0020H     UNIT         ?PR?_LCD12864_WRITECMD?LCD12864
            CODE    00C5H     0020H     UNIT         ?PR?_LCD12864_WRITEDATA?LCD12864
            CODE    00E5H     0020H     UNIT         ?PR?_LCD12864_SETWINDOW?LCD12864
            CODE    0105H     0013H     UNIT         ?PR?LCD12864_INIT?LCD12864
            CODE    0118H     000CH     UNIT         ?C_C51STARTUP



OVERLAY MAP OF MODULE:   pro (?C_STARTUP)


SEGMENT                                    DATA_GROUP 
  +--> CALLED SEGMENT                    START    LENGTH
--------------------------------------------------------
?C_C51STARTUP                            -----    -----
  +--> ?PR?MAIN?MAIN

?PR?MAIN?MAIN                            0008H    0001H
  +--> ?PR?LCD12864_INIT?LCD12864
  +--> ?CO?MAIN
  +--> ?PR?_LCD12864_WRITEDATA?LCD12864
  +--> ?PR?_LCD12864_SETWINDOW?LCD12864

?PR?LCD12864_INIT?LCD12864               -----    -----
  +--> ?PR?_LCD12864_WRITECMD?LCD12864

?PR?_LCD12864_WRITECMD?LCD12864          -----    -----
  +--> ?PR?LCD12864_BUSY?LCD12864
BL51 BANKED LINKER/LOCATER V6.22                                                      09/06/2013  00:20:30  PAGE 2


  +--> ?PR?_LCD12864_DELAY1MS?LCD12864

?PR?LCD12864_BUSY?LCD12864               -----    -----
  +--> ?PR?_LCD12864_DELAY1MS?LCD12864

?PR?_LCD12864_WRITEDATA?LCD12864         -----    -----
  +--> ?PR?LCD12864_BUSY?LCD12864
  +--> ?PR?_LCD12864_DELAY1MS?LCD12864

?PR?_LCD12864_SETWINDOW?LCD12864         -----    -----
  +--> ?PR?_LCD12864_WRITECMD?LCD12864



SYMBOL TABLE OF MODULE:  pro (?C_STARTUP)

  VALUE           TYPE          NAME
  ----------------------------------

  -------         MODULE        ?C_STARTUP
  C:0118H         SEGMENT       ?C_C51STARTUP
  I:0009H         SEGMENT       ?STACK
  C:0000H         PUBLIC        ?C_STARTUP
  D:00E0H         SYMBOL        ACC
  D:00F0H         SYMBOL        B
  D:0083H         SYMBOL        DPH
  D:0082H         SYMBOL        DPL
  N:0000H         SYMBOL        IBPSTACK
  N:0100H         SYMBOL        IBPSTACKTOP
  N:0080H         SYMBOL        IDATALEN
  C:011BH         SYMBOL        IDATALOOP
  N:0000H         SYMBOL        PBPSTACK
  N:0100H         SYMBOL        PBPSTACKTOP
  N:0000H         SYMBOL        PDATALEN
  N:0000H         SYMBOL        PDATASTART
  N:0000H         SYMBOL        PPAGE
  N:0000H         SYMBOL        PPAGEENABLE
  D:00A0H         SYMBOL        PPAGE_SFR
  D:0081H         SYMBOL        SP
  C:0118H         SYMBOL        STARTUP1
  N:0000H         SYMBOL        XBPSTACK
  N:0000H         SYMBOL        XBPSTACKTOP
  N:0000H         SYMBOL        XDATALEN
  N:0000H         SYMBOL        XDATASTART
  C:0000H         LINE#         126
  C:0118H         LINE#         133
  C:011AH         LINE#         134
  C:011BH         LINE#         135
  C:011CH         LINE#         136
  C:011EH         LINE#         185
  C:0121H         LINE#         196
  -------         ENDMOD        ?C_STARTUP

  -------         MODULE        LCD12864
  C:0000H         SYMBOL        _ICE_DUMMY_
  D:0080H         PUBLIC        P0
  D:00A0H         PUBLIC        P2
BL51 BANKED LINKER/LOCATER V6.22                                                      09/06/2013  00:20:30  PAGE 3


  D:00B0H         PUBLIC        P3
  B:00B0H.2       PUBLIC        LCD12864_PSB
  B:00B0H.4       PUBLIC        LCD12864_RST
  C:0068H         PUBLIC        _LCD12864_Delay1ms
  C:00C5H         PUBLIC        _LCD12864_WriteData
  B:00A0H.7       PUBLIC        LCD12864_EN
  C:0105H         PUBLIC        LCD12864_Init
  C:00A5H         PUBLIC        _LCD12864_WriteCmd
  C:0081H         PUBLIC        LCD12864_Busy
  B:00A0H.6       PUBLIC        LCD12864_RS
  B:00A0H.5       PUBLIC        LCD12864_RW
  C:00E5H         PUBLIC        _LCD12864_SetWindow
  -------         PROC          L?0033
  -------         ENDPROC       L?0033
  -------         PROC          _LCD12864_DELAY1MS
  D:0006H         SYMBOL        c
  -------         DO            
  D:0004H         SYMBOL        a
  D:0005H         SYMBOL        b
  -------         ENDDO         
  C:0068H         LINE#         10
  C:0068H         LINE#         11
  C:0068H         LINE#         13
  C:0071H         LINE#         14
  C:0071H         LINE#         15
  C:0073H         LINE#         16
  C:0073H         LINE#         17
  C:0077H         LINE#         18
  C:0079H         LINE#         19
  C:0080H         LINE#         20
  -------         ENDPROC       _LCD12864_DELAY1MS
  -------         PROC          LCD12864_BUSY
  -------         DO            
  D:0003H         SYMBOL        i
  -------         ENDDO         
  C:0081H         LINE#         29
  C:0081H         LINE#         30
  C:0081H         LINE#         31
  C:0083H         LINE#         33
  C:0085H         LINE#         34
  C:0087H         LINE#         36
  C:0089H         LINE#         37
  C:008FH         LINE#         39
  C:0094H         LINE#         40
  C:0094H         LINE#         41
  C:0095H         LINE#         42
  C:009BH         LINE#         43
  C:009BH         LINE#         44
  C:009DH         LINE#         45
  C:00A0H         LINE#         46
  C:00A0H         LINE#         47
  C:00A0H         LINE#         49
  C:00A2H         LINE#         51
  C:00A4H         LINE#         52
  -------         ENDPROC       LCD12864_BUSY
  -------         PROC          _LCD12864_WRITECMD
  D:0001H         SYMBOL        cmd
BL51 BANKED LINKER/LOCATER V6.22                                                      09/06/2013  00:20:30  PAGE 4


  -------         DO            
  D:0002H         SYMBOL        i
  -------         ENDDO         
  C:00A5H         LINE#         61
  C:00A7H         LINE#         62
  C:00A7H         LINE#         64
  C:00A9H         LINE#         65
  C:00AFH         LINE#         66
  C:00AFH         LINE#         67
  C:00B5H         LINE#         68
  C:00B6H         LINE#         69
  C:00BCH         LINE#         70
  C:00BDH         LINE#         72
  C:00BDH         LINE#         75
  C:00BFH         LINE#         76
  C:00BFH         LINE#         77
  C:00BFH         LINE#         79
  C:00BFH         LINE#         81
  C:00BFH         LINE#         82
  C:00C2H         LINE#         83
  C:00C4H         LINE#         84
  -------         ENDPROC       _LCD12864_WRITECMD
  -------         PROC          _LCD12864_WRITEDATA
  D:0001H         SYMBOL        dat
  -------         DO            
  D:0002H         SYMBOL        i
  -------         ENDDO         
  C:00C5H         LINE#         93
  C:00C7H         LINE#         94
  C:00C7H         LINE#         96
  C:00C9H         LINE#         97
  C:00CFH         LINE#         98
  C:00CFH         LINE#         99
  C:00D5H         LINE#         100
  C:00D6H         LINE#         101
  C:00DCH         LINE#         102
  C:00DDH         LINE#         104
  C:00DDH         LINE#         107
  C:00DFH         LINE#         108
  C:00DFH         LINE#         109
  C:00DFH         LINE#         111
  C:00DFH         LINE#         113
  C:00DFH         LINE#         114
  C:00E2H         LINE#         115
  C:00E4H         LINE#         116
  -------         ENDPROC       _LCD12864_WRITEDATA
  -------         PROC          LCD12864_INIT
  C:0105H         LINE#         163
  C:0105H         LINE#         164
  C:0105H         LINE#         165
  C:0107H         LINE#         166
  C:0109H         LINE#         168
  C:010EH         LINE#         169
  C:0113H         LINE#         170
  -------         ENDPROC       LCD12864_INIT
  -------         PROC          _LCD12864_SETWINDOW
  D:0007H         SYMBOL        x
BL51 BANKED LINKER/LOCATER V6.22                                                      09/06/2013  00:20:30  PAGE 5


  D:0005H         SYMBOL        y
  -------         DO            
  D:0007H         SYMBOL        pos
  -------         ENDDO         
  C:00E5H         LINE#         210
  C:00E5H         LINE#         211
  C:00E5H         LINE#         214
  C:00E8H         LINE#         215
  C:00E8H         LINE#         216
  C:00EAH         LINE#         217
  C:00ECH         LINE#         219
  C:00EFH         LINE#         220
  C:00EFH         LINE#         221
  C:00F1H         LINE#         222
  C:00F3H         LINE#         224
  C:00F6H         LINE#         225
  C:00F6H         LINE#         226
  C:00F8H         LINE#         227
  C:00FAH         LINE#         229
  C:00FDH         LINE#         230
  C:00FDH         LINE#         231
  C:00FFH         LINE#         232
  C:00FFH         LINE#         234
  C:0102H         LINE#         235
  -------         ENDPROC       _LCD12864_SETWINDOW
  -------         ENDMOD        LCD12864

  -------         MODULE        MAIN
  C:0000H         SYMBOL        _ICE_DUMMY_
  D:00A0H         PUBLIC        P2
  D:00B0H         PUBLIC        P3
  C:0003H         PUBLIC        main
  C:0035H         PUBLIC        CharCode
  -------         PROC          MAIN
  -------         DO            
  D:0008H         SYMBOL        i
  -------         ENDDO         
  C:0003H         LINE#         6
  C:0003H         LINE#         7
  C:0003H         LINE#         10
  C:0006H         LINE#         11
  C:0006H         LINE#         12
  C:0006H         LINE#         13
  C:000BH         LINE#         14
  C:0014H         LINE#         15
  C:0014H         LINE#         16
  C:0017H         LINE#         17
  C:0019H         LINE#         18
  C:001EH         LINE#         19
  C:001EH         LINE#         20
  C:0025H         LINE#         21
  C:0025H         LINE#         23
  C:002AH         LINE#         24
  C:002AH         LINE#         25
  C:0031H         LINE#         26
  C:0031H         LINE#         28
  C:0033H         LINE#         29
BL51 BANKED LINKER/LOCATER V6.22                                                      09/06/2013  00:20:30  PAGE 6


  -------         ENDPROC       MAIN
  -------         ENDMOD        MAIN

Program Size: data=10.0 xdata=0 code=292
LINK/LOCATE RUN COMPLETE.  0 WARNING(S),  0 ERROR(S)
