C51 COMPILER V9.01   MAIN                                                                  05/20/2014 09:12:58 PAGE 1   


C51 COMPILER V9.01, COMPILATION OF MODULE MAIN
OBJECT MODULE PLACED IN main.OBJ
COMPILER INVOKED BY: C:\Keil\C51\BIN\C51.EXE main.c BROWSE DEBUG OBJECTEXTEND

line level    source

   1          #include"reg51.h"
   2          #include<intrins.h>
   3          
   4          sbit SRCLK=P3^6;
   5          sbit RCLK=P3^5;
   6          sbit SER=P3^4;
   7          
   8          /*******************************************************************************
   9          * 函数名         : Hc595SendByte(unsigned char dat)
  10          * 函数功能                 : 想74H595发送一个字节的数据
  11          * 输入           : 无
  12          * 输出           : 无
  13          *******************************************************************************/
  14          void Hc595SendByte(unsigned char dat)
  15          {
  16   1              unsigned char a;
  17   1              SRCLK=0;
  18   1              RCLK=0;
  19   1              for(a=0;a<8;a++)
  20   1              {
  21   2                      SER=dat>>7;
  22   2                      dat<<=1;
  23   2      
  24   2                      SRCLK=1;
  25   2                      _nop_();
  26   2                      _nop_();
  27   2                      SRCLK=0;        
  28   2              }
  29   1      
  30   1              RCLK=1;
  31   1              _nop_();
  32   1              _nop_();
  33   1              RCLK=0;
  34   1      }
  35          /*******************************************************************************
  36          * 函数名         : Delay10ms
  37          * 函数功能                 : 延时函数，延时10ms
  38          * 输入           : c
  39          * 输出           : 无
  40          *******************************************************************************/
  41          void Delay10ms(unsigned int c)   //误差 0us
  42          {
  43   1          unsigned char a,b;
  44   1          for(;c>0;c--)
  45   1              for(b=38;b>0;b--)
  46   1                  for(a=130;a>0;a--);
  47   1      }
  48          void main(void)
  49          {
  50   1              unsigned char i,num;
  51   1         while(1)
  52   1         {
  53   2                      num=0x01;
  54   2                      for(i=0;i<8;i++)
  55   2                      {
C51 COMPILER V9.01   MAIN                                                                  05/20/2014 09:12:58 PAGE 2   

  56   3                              P0=~num;
  57   3                              Hc595SendByte(0xff);
  58   3                              num<<=1;
  59   3                              Delay10ms(50);
  60   3                      }
  61   2                      num=0x01;
  62   2                      for(i=0;i<8;i++)
  63   2                      {
  64   3                              
  65   3                              
  66   3                              Hc595SendByte(num);
  67   3                              P0=0x00;
  68   3                              num<<=1;
  69   3                              Delay10ms(50);
  70   3                      }
  71   2         
  72   2         }
  73   1      }


MODULE INFORMATION:   STATIC OVERLAYABLE
   CODE SIZE        =    115    ----
   CONSTANT SIZE    =   ----    ----
   XDATA SIZE       =   ----    ----
   PDATA SIZE       =   ----    ----
   DATA SIZE        =   ----    ----
   IDATA SIZE       =   ----    ----
   BIT SIZE         =   ----    ----
END OF MODULE INFORMATION.


C51 COMPILATION COMPLETE.  0 WARNING(S),  0 ERROR(S)
