BL51 BANKED LINKER/LOCATER V6.22.4.0                                                    09/16/2024  13:53:11  PAGE 1


BL51 BANKED LINKER/LOCATER V6.22.4.0, INVOKED BY:
C:\KEIL_V5\C51\BIN\BL51.EXE .\Objects\delay.obj, .\Objects\ds1307.obj, .\Objects\i2c.obj, .\Objects\lcd.obj, .\Objects\m
>> ain.obj TO .\Objects\giaothongp PRINT (.\Listings\giaothongp.m51) RAMSIZE (256)


MEMORY MODEL: SMALL


INPUT MODULES INCLUDED:
  .\Objects\delay.obj (DELAY)
  .\Objects\ds1307.obj (DS1307)
  .\Objects\i2c.obj (I2C)
  .\Objects\lcd.obj (LCD)
  .\Objects\main.obj (MAIN)
  C:\KEIL_V5\C51\LIB\C51S.LIB (?C_STARTUP)
  C:\KEIL_V5\C51\LIB\C51S.LIB (?C?CLDPTR)
  C:\KEIL_V5\C51\LIB\C51S.LIB (?C?CSTPTR)


LINK MAP OF MODULE:  .\Objects\giaothongp (DELAY)


            TYPE    BASE      LENGTH    RELOCATION   SEGMENT NAME
            -----------------------------------------------------

            * * * * * * *   D A T A   M E M O R Y   * * * * * * *
            REG     0000H     0008H     ABSOLUTE     "REG BANK 0"
            DATA    0008H     0011H     UNIT         _DATA_GROUP_
            DATA    0019H     0003H     UNIT         ?DT?_DS1307_SETTIME?DS1307
            DATA    001CH     0003H     UNIT         ?DT?_DS1307_SETDATE?DS1307
            IDATA   001FH     0001H     UNIT         ?STACK

            * * * * * * *   C O D E   M E M O R Y   * * * * * * *
            CODE    0000H     0003H     ABSOLUTE     
                    0003H     07FDH                  *** GAP ***
            CODE    0800H     0073H     UNIT         ?PR?MAIN?MAIN
            CODE    0873H     0051H     UNIT         ?PR?_DS1307_GETTIME?DS1307
            CODE    08C4H     0051H     UNIT         ?PR?_DS1307_GETDATE?DS1307
            CODE    0915H     0048H     UNIT         ?PR?_LCD_DISPLAYRTCTIME?LCD
            CODE    095DH     0048H     UNIT         ?PR?_LCD_DISPLAYRTCDATE?LCD
            CODE    09A5H     0040H     UNIT         ?PR?_LCD_WRITEDATA?LCD
            CODE    09E5H     003BH     UNIT         ?PR?_LCD_WRITECMD?LCD
            CODE    0A20H     0031H     UNIT         ?PR?I2C_READ?I2C
            CODE    0A51H     002BH     UNIT         ?C?LIB_CODE
            CODE    0A7CH     0025H     UNIT         ?PR?_DS1307_SETTIME?DS1307
            CODE    0AA1H     0025H     UNIT         ?PR?_DS1307_SETDATE?DS1307
            CODE    0AC6H     0025H     UNIT         ?PR?_LCD_DISPLAYSTRING?LCD
            CODE    0AEBH     0020H     UNIT         ?PR?I2C_START?I2C
            CODE    0B0BH     0020H     UNIT         ?PR?LCD_INIT?LCD
            CODE    0B2BH     0020H     UNIT         ?PR?_LCD_GOTOXY?LCD
            CODE    0B4BH     001FH     UNIT         ?PR?_I2C_WRITE?I2C
            CODE    0B6AH     001EH     UNIT         ?PR?I2C_STOP?I2C
            CODE    0B88H     0015H     UNIT         ?PR?DS1307_INIT?DS1307
            CODE    0B9DH     0013H     UNIT         ?PR?I2C_CLOCK?I2C
            CODE    0BB0H     000EH     UNIT         ?CO?MAIN
            CODE    0BBEH     000CH     UNIT         ?PR?_DELAY_US?DELAY
            CODE    0BCAH     000CH     UNIT         ?C_C51STARTUP
            CODE    0BD6H     0008H     UNIT         ?PR?I2C_ACK?I2C
BL51 BANKED LINKER/LOCATER V6.22.4.0                                                  09/16/2024  13:53:11  PAGE 2


            CODE    0BDEH     0008H     UNIT         ?PR?I2C_NOACK?I2C
            CODE    0BE6H     0006H     UNIT         ?PR?_DS1307_WRITE?DS1307
            CODE    0BECH     0005H     UNIT         ?PR?LCD_GOTOLINETWO?LCD
            CODE    0BF1H     0003H     UNIT         ?PR?DS1307_READ?DS1307



OVERLAY MAP OF MODULE:   .\Objects\giaothongp (DELAY)


SEGMENT                               DATA_GROUP 
  +--> CALLED SEGMENT               START    LENGTH
---------------------------------------------------
?C_C51STARTUP                       -----    -----
  +--> ?PR?MAIN?MAIN

?PR?MAIN?MAIN                       0008H    0006H
  +--> ?PR?LCD_INIT?LCD
  +--> ?PR?DS1307_INIT?DS1307
  +--> ?CO?MAIN
  +--> ?PR?_LCD_DISPLAYSTRING?LCD
  +--> ?PR?LCD_GOTOLINETWO?LCD
  +--> ?PR?_DS1307_GETTIME?DS1307
  +--> ?PR?_LCD_GOTOXY?LCD
  +--> ?PR?_LCD_DISPLAYRTCTIME?LCD
  +--> ?PR?_DS1307_GETDATE?DS1307
  +--> ?PR?_LCD_DISPLAYRTCDATE?LCD

?PR?LCD_INIT?LCD                    -----    -----
  +--> ?PR?_DELAY_US?DELAY
  +--> ?PR?_LCD_WRITECMD?LCD

?PR?_LCD_WRITECMD?LCD               000EH    0001H
  +--> ?PR?_DELAY_US?DELAY

?PR?DS1307_INIT?DS1307              -----    -----
  +--> ?PR?I2C_START?I2C
  +--> ?PR?_DS1307_WRITE?DS1307
  +--> ?PR?I2C_STOP?I2C

?PR?I2C_START?I2C                   -----    -----
  +--> ?PR?_DELAY_US?DELAY

?PR?_DS1307_WRITE?DS1307            -----    -----
  +--> ?PR?_I2C_WRITE?I2C
  +--> ?PR?I2C_CLOCK?I2C

?PR?_I2C_WRITE?I2C                  0017H    0002H
  +--> ?PR?I2C_CLOCK?I2C

?PR?I2C_CLOCK?I2C                   -----    -----
  +--> ?PR?_DELAY_US?DELAY

?PR?I2C_STOP?I2C                    -----    -----
  +--> ?PR?_DELAY_US?DELAY

?PR?_LCD_DISPLAYSTRING?LCD          000EH    0003H
BL51 BANKED LINKER/LOCATER V6.22.4.0                                                  09/16/2024  13:53:11  PAGE 3


  +--> ?PR?_LCD_WRITEDATA?LCD

?PR?_LCD_WRITEDATA?LCD              0011H    0001H
  +--> ?PR?_DELAY_US?DELAY

?PR?LCD_GOTOLINETWO?LCD             -----    -----
  +--> ?PR?_LCD_WRITECMD?LCD

?PR?_DS1307_GETTIME?DS1307          000EH    0009H
  +--> ?PR?I2C_START?I2C
  +--> ?PR?_DS1307_WRITE?DS1307
  +--> ?PR?I2C_STOP?I2C
  +--> ?PR?DS1307_READ?DS1307
  +--> ?PR?I2C_ACK?I2C
  +--> ?PR?I2C_NOACK?I2C

?PR?DS1307_READ?DS1307              -----    -----
  +--> ?PR?I2C_READ?I2C

?PR?I2C_READ?I2C                    0017H    0002H
  +--> ?PR?_DELAY_US?DELAY

?PR?I2C_ACK?I2C                     -----    -----
  +--> ?PR?I2C_CLOCK?I2C

?PR?I2C_NOACK?I2C                   -----    -----
  +--> ?PR?I2C_CLOCK?I2C

?PR?_LCD_GOTOXY?LCD                 -----    -----
  +--> ?PR?_LCD_WRITECMD?LCD

?PR?_LCD_DISPLAYRTCTIME?LCD         000EH    0003H
  +--> ?PR?_LCD_WRITEDATA?LCD

?PR?_DS1307_GETDATE?DS1307          000EH    0009H
  +--> ?PR?I2C_START?I2C
  +--> ?PR?_DS1307_WRITE?DS1307
  +--> ?PR?I2C_STOP?I2C
  +--> ?PR?DS1307_READ?DS1307
  +--> ?PR?I2C_ACK?I2C
  +--> ?PR?I2C_NOACK?I2C

?PR?_LCD_DISPLAYRTCDATE?LCD         000EH    0003H
  +--> ?PR?_LCD_WRITEDATA?LCD



SYMBOL TABLE OF MODULE:  .\Objects\giaothongp (DELAY)

  VALUE           TYPE          NAME
  ----------------------------------

  -------         MODULE        DELAY
  C:0000H         SYMBOL        _ICE_DUMMY_
  C:0BBEH         PUBLIC        _delay_us
  -------         PROC          _DELAY_US
  D:0006H         SYMBOL        us_count
BL51 BANKED LINKER/LOCATER V6.22.4.0                                                  09/16/2024  13:53:11  PAGE 4


  C:0BBEH         LINE#         6
  C:0BBEH         LINE#         7
  C:0BBEH         LINE#         8
  C:0BC2H         LINE#         9
  C:0BC2H         LINE#         10
  C:0BC7H         LINE#         11
  C:0BC9H         LINE#         12
  -------         ENDPROC       _DELAY_US
  -------         ENDMOD        DELAY

  -------         MODULE        DS1307
  C:0000H         SYMBOL        _ICE_DUMMY_
  C:0BF1H         PUBLIC        ds1307_Read
  C:0BE6H         PUBLIC        _ds1307_Write
  C:0B88H         PUBLIC        ds1307_Init
  C:08C4H         PUBLIC        _ds1307_GetDate
  C:0AA1H         PUBLIC        _ds1307_SetDate
  C:0873H         PUBLIC        _ds1307_GetTime
  C:0A7CH         PUBLIC        _ds1307_SetTime
  -------         PROC          DS1307_INIT
  C:0B88H         LINE#         24
  C:0B88H         LINE#         25
  C:0B88H         LINE#         26
  C:0B8BH         LINE#         28
  C:0B90H         LINE#         29
  C:0B95H         LINE#         31
  C:0B9AH         LINE#         33
  -------         ENDPROC       DS1307_INIT
  -------         PROC          _DS1307_WRITE
  D:0007H         SYMBOL        dat
  C:0BE6H         LINE#         38
  C:0BE6H         LINE#         39
  C:0BE6H         LINE#         40
  C:0BE9H         LINE#         41
  -------         ENDPROC       _DS1307_WRITE
  -------         PROC          DS1307_READ
  -------         DO            
  D:0007H         SYMBOL        dat
  -------         ENDDO         
  C:0BF1H         LINE#         45
  C:0BF1H         LINE#         46
  C:0BF1H         LINE#         48
  -------         ENDPROC       DS1307_READ
  -------         PROC          _DS1307_SETTIME
  D:0019H         SYMBOL        hh
  D:001AH         SYMBOL        mm
  D:001BH         SYMBOL        ss
  C:0A7CH         LINE#         52
  C:0A82H         LINE#         53
  C:0A82H         LINE#         54
  C:0A85H         LINE#         56
  C:0A8AH         LINE#         57
  C:0A8FH         LINE#         58
  C:0A94H         LINE#         59
  C:0A99H         LINE#         60
  C:0A9EH         LINE#         62
  -------         ENDPROC       _DS1307_SETTIME
BL51 BANKED LINKER/LOCATER V6.22.4.0                                                  09/16/2024  13:53:11  PAGE 5


  -------         PROC          _DS1307_SETDATE
  D:001CH         SYMBOL        dd
  D:001DH         SYMBOL        mm
  D:001EH         SYMBOL        yy
  C:0AA1H         LINE#         65
  C:0AA7H         LINE#         66
  C:0AA7H         LINE#         67
  C:0AAAH         LINE#         69
  C:0AAFH         LINE#         70
  C:0AB4H         LINE#         72
  C:0AB9H         LINE#         73
  C:0ABEH         LINE#         74
  C:0AC3H         LINE#         76
  -------         ENDPROC       _DS1307_SETDATE
  -------         PROC          _DS1307_GETTIME
  D:000EH         SYMBOL        h_ptr
  D:0011H         SYMBOL        m_ptr
  D:0014H         SYMBOL        s_ptr
  C:0873H         LINE#         79
  C:0879H         LINE#         80
  C:0879H         LINE#         81
  C:087CH         LINE#         83
  C:0881H         LINE#         84
  C:0886H         LINE#         86
  C:0889H         LINE#         88
  C:088CH         LINE#         89
  C:0891H         LINE#         92
  C:08A1H         LINE#         93
  C:08B1H         LINE#         94
  C:08C1H         LINE#         96
  -------         ENDPROC       _DS1307_GETTIME
  -------         PROC          _DS1307_GETDATE
  D:000EH         SYMBOL        d_ptr
  D:0011H         SYMBOL        m_ptr
  D:0014H         SYMBOL        y_ptr
  C:08C4H         LINE#         99
  C:08CAH         LINE#         100
  C:08CAH         LINE#         101
  C:08CDH         LINE#         103
  C:08D2H         LINE#         104
  C:08D7H         LINE#         106
  C:08DAH         LINE#         109
  C:08DDH         LINE#         110
  C:08E2H         LINE#         113
  C:08F2H         LINE#         114
  C:0902H         LINE#         115
  C:0912H         LINE#         117
  -------         ENDPROC       _DS1307_GETDATE
  -------         ENDMOD        DS1307

  -------         MODULE        I2C
  C:0000H         SYMBOL        _ICE_DUMMY_
  D:0080H         PUBLIC        P0
  C:0B6AH         PUBLIC        i2c_Stop
  C:0BDEH         PUBLIC        i2c_NoAck
  C:0B9DH         PUBLIC        i2c_Clock
  B:0080H.1       PUBLIC        SDA
BL51 BANKED LINKER/LOCATER V6.22.4.0                                                  09/16/2024  13:53:11  PAGE 6


  C:0A20H         PUBLIC        i2c_Read
  B:0080H.0       PUBLIC        SCL
  C:0B4BH         PUBLIC        _i2c_Write
  C:0BD6H         PUBLIC        i2c_Ack
  C:0AEBH         PUBLIC        i2c_Start
  -------         PROC          I2C_CLOCK
  C:0B9DH         LINE#         9
  C:0B9DH         LINE#         10
  C:0B9DH         LINE#         11
  C:0BA4H         LINE#         12
  C:0BA6H         LINE#         14
  C:0BADH         LINE#         15
  C:0BAFH         LINE#         16
  -------         ENDPROC       I2C_CLOCK
  -------         PROC          I2C_START
  C:0AEBH         LINE#         19
  C:0AEBH         LINE#         20
  C:0AEBH         LINE#         21
  C:0AEDH         LINE#         23
  C:0AEFH         LINE#         24
  C:0AF6H         LINE#         26
  C:0AF8H         LINE#         27
  C:0AFFH         LINE#         29
  C:0B01H         LINE#         30
  C:0B08H         LINE#         32
  C:0B0AH         LINE#         33
  -------         ENDPROC       I2C_START
  -------         PROC          I2C_STOP
  C:0B6AH         LINE#         36
  C:0B6AH         LINE#         37
  C:0B6AH         LINE#         38
  C:0B6CH         LINE#         39
  C:0B73H         LINE#         41
  C:0B75H         LINE#         42
  C:0B7CH         LINE#         44
  C:0B7EH         LINE#         45
  C:0B85H         LINE#         47
  C:0B87H         LINE#         48
  -------         ENDPROC       I2C_STOP
  -------         PROC          _I2C_WRITE
  D:0017H         SYMBOL        dat
  -------         DO            
  D:0018H         SYMBOL        i
  -------         ENDDO         
  C:0B4BH         LINE#         50
  C:0B4DH         LINE#         51
  C:0B4DH         LINE#         54
  C:0B50H         LINE#         55
  C:0B50H         LINE#         56
  C:0B55H         LINE#         57
  C:0B58H         LINE#         58
  C:0B5EH         LINE#         59
  C:0B67H         LINE#         60
  C:0B69H         LINE#         61
  -------         ENDPROC       _I2C_WRITE
  -------         PROC          I2C_READ
  -------         DO            
BL51 BANKED LINKER/LOCATER V6.22.4.0                                                  09/16/2024  13:53:11  PAGE 7


  D:0017H         SYMBOL        i
  D:0018H         SYMBOL        dat
  -------         ENDDO         
  C:0A20H         LINE#         63
  C:0A20H         LINE#         64
  C:0A20H         LINE#         65
  C:0A23H         LINE#         67
  C:0A25H         LINE#         68
  C:0A27H         LINE#         69
  C:0A27H         LINE#         70
  C:0A2EH         LINE#         71
  C:0A30H         LINE#         72
  C:0A37H         LINE#         74
  C:0A3DH         LINE#         75
  C:0A43H         LINE#         77
  C:0A45H         LINE#         78
  C:0A4EH         LINE#         79
  C:0A50H         LINE#         80
  -------         ENDPROC       I2C_READ
  -------         PROC          I2C_ACK
  C:0BD6H         LINE#         82
  C:0BD6H         LINE#         83
  C:0BD6H         LINE#         84
  C:0BD8H         LINE#         85
  C:0BDBH         LINE#         86
  C:0BDDH         LINE#         87
  -------         ENDPROC       I2C_ACK
  -------         PROC          I2C_NOACK
  C:0BDEH         LINE#         89
  C:0BDEH         LINE#         90
  C:0BDEH         LINE#         91
  C:0BE0H         LINE#         92
  C:0BE3H         LINE#         93
  C:0BE5H         LINE#         94
  -------         ENDPROC       I2C_NOACK
  -------         ENDMOD        I2C

  -------         MODULE        LCD
  C:0000H         SYMBOL        _ICE_DUMMY_
  D:0090H         PUBLIC        P1
  C:095DH         PUBLIC        _lcd_DisplayRtcDate
  C:0915H         PUBLIC        _lcd_DisplayRtcTime
  C:09E5H         PUBLIC        _lcd_WriteCmd
  C:09AAH         PUBLIC        _lcd_Writedata
  C:0B2BH         PUBLIC        _lcd_GoToXY
  C:0B0BH         PUBLIC        LCD_Init
  B:0090H.2       PUBLIC        en
  C:0BECH         PUBLIC        lcd_GoToLineTwo
  B:0090H.0       PUBLIC        rs
  B:0090H.1       PUBLIC        rw
  C:0AC6H         PUBLIC        _lcd_DisplayString
  -------         PROC          LCD_INIT
  C:0B0BH         LINE#         29
  C:0B0BH         LINE#         30
  C:0B0BH         LINE#         31
  C:0B12H         LINE#         32
  C:0B17H         LINE#         33
BL51 BANKED LINKER/LOCATER V6.22.4.0                                                  09/16/2024  13:53:11  PAGE 8


  C:0B1CH         LINE#         34
  C:0B21H         LINE#         35
  C:0B26H         LINE#         36
  -------         ENDPROC       LCD_INIT
  -------         PROC          _LCD_WRITECMD
  D:000EH         SYMBOL        a
  C:09E5H         LINE#         42
  C:09E7H         LINE#         43
  C:09E7H         LINE#         45
  C:09EDH         LINE#         46
  C:09EFH         LINE#         47
  C:09F1H         LINE#         48
  C:09F3H         LINE#         49
  C:09FAH         LINE#         50
  C:09FCH         LINE#         51
  C:0A03H         LINE#         52
  C:0A0AH         LINE#         53
  C:0A0CH         LINE#         54
  C:0A0EH         LINE#         55
  C:0A10H         LINE#         56
  C:0A17H         LINE#         57
  C:0A19H         LINE#         58
  -------         ENDPROC       _LCD_WRITECMD
  C:09A5H         SYMBOL        L?0021
  -------         PROC          L?0020
  -------         ENDPROC       L?0020
  C:09A5H         SYMBOL        L?0021
  -------         PROC          _LCD_WRITEDATA
  D:0011H         SYMBOL        a
  C:09AAH         LINE#         63
  C:09ACH         LINE#         64
  C:09ACH         LINE#         67
  C:09B2H         LINE#         68
  C:09B4H         LINE#         69
  C:09B6H         LINE#         70
  C:09B8H         LINE#         71
  C:09BFH         LINE#         72
  C:09C1H         LINE#         74
  C:09C8H         LINE#         76
  C:09CFH         LINE#         77
  C:09D1H         LINE#         78
  C:09D3H         LINE#         79
  C:09D5H         LINE#         80
  C:09DCH         LINE#         81
  C:09DEH         LINE#         83
  -------         ENDPROC       _LCD_WRITEDATA
  -------         PROC          LCD_GOTOLINETWO
  C:0BECH         LINE#         89
  C:0BECH         LINE#         90
  C:0BECH         LINE#         91
  -------         ENDPROC       LCD_GOTOLINETWO
  -------         PROC          _LCD_GOTOXY
  D:0007H         SYMBOL        row
  D:0005H         SYMBOL        col
  -------         DO            
  D:0007H         SYMBOL        pos
  -------         ENDDO         
BL51 BANKED LINKER/LOCATER V6.22.4.0                                                  09/16/2024  13:53:11  PAGE 9


  C:0B2BH         LINE#         97
  C:0B2BH         LINE#         98
  C:0B2BH         LINE#         101
  C:0B33H         LINE#         102
  C:0B33H         LINE#         103
  C:0B3CH         LINE#         106
  C:0B44H         LINE#         107
  C:0B47H         LINE#         110
  C:0B4AH         LINE#         111
  C:0B4AH         LINE#         112
  -------         ENDPROC       _LCD_GOTOXY
  -------         PROC          _LCD_DISPLAYSTRING
  D:000EH         SYMBOL        string_ptr
  C:0AC6H         LINE#         116
  C:0ACCH         LINE#         117
  C:0ACCH         LINE#         118
  C:0AD7H         LINE#         119
  C:0AEAH         LINE#         120
  -------         ENDPROC       _LCD_DISPLAYSTRING
  -------         PROC          _LCD_DISPLAYRTCTIME
  D:000EH         SYMBOL        hour
  D:000FH         SYMBOL        min
  D:0010H         SYMBOL        sec
  C:0915H         LINE#         124
  C:091BH         LINE#         125
  C:091BH         LINE#         126
  C:0927H         LINE#         127
  C:092CH         LINE#         128
  C:0931H         LINE#         130
  C:093DH         LINE#         131
  C:0942H         LINE#         132
  C:0947H         LINE#         134
  C:0953H         LINE#         135
  -------         ENDPROC       _LCD_DISPLAYRTCTIME
  -------         PROC          _LCD_DISPLAYRTCDATE
  D:000EH         SYMBOL        day
  D:000FH         SYMBOL        month
  D:0010H         SYMBOL        year
  C:095DH         LINE#         141
  C:0963H         LINE#         142
  C:0963H         LINE#         143
  C:096FH         LINE#         144
  C:0974H         LINE#         145
  C:0979H         LINE#         147
  C:0985H         LINE#         148
  C:098AH         LINE#         149
  C:098FH         LINE#         151
  C:099BH         LINE#         152
  -------         ENDPROC       _LCD_DISPLAYRTCDATE
  -------         ENDMOD        LCD

  -------         MODULE        MAIN
  C:0000H         SYMBOL        _ICE_DUMMY_
  C:0800H         PUBLIC        main
  -------         PROC          MAIN
  -------         DO            
  D:0008H         SYMBOL        sec
BL51 BANKED LINKER/LOCATER V6.22.4.0                                                  09/16/2024  13:53:11  PAGE 10


  D:0009H         SYMBOL        min
  D:000AH         SYMBOL        hour
  D:000BH         SYMBOL        day
  D:000CH         SYMBOL        month
  D:000DH         SYMBOL        year
  -------         ENDDO         
  C:0800H         LINE#         8
  C:0800H         LINE#         9
  C:0800H         LINE#         13
  C:0803H         LINE#         16
  C:0806H         LINE#         24
  C:080FH         LINE#         27
  C:0812H         LINE#         28
  C:081BH         LINE#         31
  C:081BH         LINE#         32
  C:081BH         LINE#         34
  C:0836H         LINE#         38
  C:083DH         LINE#         39
  C:0846H         LINE#         43
  C:0861H         LINE#         46
  C:0868H         LINE#         47
  C:0871H         LINE#         48
  -------         ENDPROC       MAIN
  -------         ENDMOD        MAIN

  -------         MODULE        ?C?CLDPTR
  C:0A51H         PUBLIC        ?C?CLDPTR
  -------         ENDMOD        ?C?CLDPTR

  -------         MODULE        ?C?CSTPTR
  C:0A6AH         PUBLIC        ?C?CSTPTR
  -------         ENDMOD        ?C?CSTPTR

*** WARNING L16: UNCALLED SEGMENT, IGNORED FOR OVERLAY PROCESS
    SEGMENT: ?PR?_DS1307_SETTIME?DS1307

*** WARNING L16: UNCALLED SEGMENT, IGNORED FOR OVERLAY PROCESS
    SEGMENT: ?PR?_DS1307_SETDATE?DS1307

******************************************************************************
* RESTRICTED VERSION WITH 0800H BYTE CODE SIZE LIMIT; USED: 03BDH BYTE (46%) *
******************************************************************************

Program Size: data=32.0 xdata=0 code=1015
LINK/LOCATE RUN COMPLETE.  2 WARNING(S),  0 ERROR(S)
