C51 COMPILER V9.60.7.0   LCD                                                               09/16/2024 13:53:10 PAGE 1   


C51 COMPILER V9.60.7.0, COMPILATION OF MODULE LCD
OBJECT MODULE PLACED IN .\Objects\lcd.obj
COMPILER INVOKED BY: C:\Keil_v5\C51\BIN\C51.EXE lcd.c OPTIMIZE(8,SPEED) BROWSE DEBUG OBJECTEXTEND PRINT(.\Listings\lcd.l
                    -st) TABS(2) OBJECT(.\Objects\lcd.obj)

line level    source

   1          #include<reg51.h>
   2          #include "lcd.h"
   3          #include "delay.h"
   4          
   5           
   6          #define dataport P1       // LCD dataport connected to PORT1
   7           
   8          sbit rs= dataport^0;      // Register select pin connected to P1.0
   9          sbit rw= dataport^1;      // Read Write pin connected to P1.1
  10          sbit en= dataport^2;      // Enable pin connected to P1.2
  11           
  12           
  13           
  14          /* 16x2 lcd Specification */
  15          #define LCDMaxLines 2
  16          #define LCDMaxChars 16
  17          #define LineOne 0x80
  18          #define LineTwo 0xc0
  19           
  20          #define BlankSpace ' '
  21           
  22           
  23           
  24           
  25           
  26           
  27           
  28          //LCD initilization
  29          void LCD_Init()
  30          {
  31   1          delay_us(5000);
  32   1         lcd_WriteCmd(0x02);  //initilize the LCD in 4bit Mode
  33   1         lcd_WriteCmd(0x28);
  34   1         lcd_WriteCmd(0x0C);  // display ON cursor ON
  35   1         lcd_WriteCmd(0x01);  // clear the LCD
  36   1         lcd_WriteCmd(0x80);  // move the Cursor to First line First Position
  37   1       
  38   1      }
  39           
  40           
  41          // lcd Write command function
  42          void lcd_WriteCmd( char a)
  43          {
  44   1       
  45   1         dataport=(a & 0xf0);        
  46   1         rs=0;                      
  47   1         rw=0;                 
  48   1         en=1;                 
  49   1         delay_us(1);
  50   1         en=0;
  51   1         delay_us(1);                  
  52   1         dataport=((a<<4) & 0xf0);   
  53   1         rs=0;                    
  54   1         rw=0;                    
C51 COMPILER V9.60.7.0   LCD                                                               09/16/2024 13:53:10 PAGE 2   

  55   1         en=1;                      
  56   1         delay_us(1);
  57   1         en=0;
  58   1         delay_us(1);
  59   1      }
  60           
  61           
  62           // lcd writedata function
  63          void lcd_Writedata( char a)
  64          {
  65   1       
  66   1       
  67   1         dataport=(a & 0xf0);        
  68   1           rs=1;                      
  69   1           rw=0;                      
  70   1           en=1;                      
  71   1          delay_us(1);
  72   1           en=0;
  73   1       
  74   1         delay_us(1);                
  75   1       
  76   1         dataport=((a <<4) & 0xf0);  
  77   1           rs=1;                    
  78   1           rw=0;                     
  79   1           en=1;                      
  80   1          delay_us(1);
  81   1           en=0;
  82   1       
  83   1         delay_us(1);
  84   1       
  85   1      }
  86          
  87           
  88           //lcd gotolinetwo fuction
  89          void lcd_GoToLineTwo()
  90          {
  91   1         lcd_WriteCmd(LineTwo);   // move the Cursor to Second line First Position
  92   1      }
  93           
  94           
  95           
  96          //lcd go to X(first row), Y(second row) line
  97          void lcd_GoToXY(char row, char col)
  98          {
  99   1         char pos;
 100   1       
 101   1          if(row<LCDMaxLines)
 102   1            {
 103   2               pos= LineOne | (row << 6);
 104   2                                          
 105   2       
 106   2              if(col<LCDMaxChars)
 107   2                 pos= pos+col;            
 108   2                                          
 109   2       
 110   2               lcd_WriteCmd(pos);        
 111   2             }
 112   1      }
 113           
 114          
 115          //lcd display string function
 116          void lcd_DisplayString(char *string_ptr)
C51 COMPILER V9.60.7.0   LCD                                                               09/16/2024 13:53:10 PAGE 3   

 117          {
 118   1         while(*string_ptr)
 119   1          lcd_Writedata(*string_ptr++);
 120   1          }
 121           
 122           
 123          //lcd display rtc time function
 124          void lcd_DisplayRtcTime(char hour,char min,char sec)
 125          {
 126   1          lcd_Writedata(((hour>>4) & 0x0f) + 0x30);
 127   1          lcd_Writedata((hour & 0x0f) + 0x30);
 128   1          lcd_Writedata(':');
 129   1       
 130   1          lcd_Writedata(((min>>4) & 0x0f) + 0x30);
 131   1          lcd_Writedata((min & 0x0f) + 0x30);
 132   1          lcd_Writedata(':');
 133   1       
 134   1          lcd_Writedata(((sec>>4) & 0x0f) + 0x30);
 135   1          lcd_Writedata((sec & 0x0f) + 0x30);
 136   1       
 137   1       }
 138           
 139           
 140           // lcd display rtc date function
 141          void lcd_DisplayRtcDate(char day,char month,char year)
 142           {
 143   1           lcd_Writedata(((day>>4) & 0x0f) + 0x30);
 144   1           lcd_Writedata((day & 0x0f) + 0x30);
 145   1           lcd_Writedata('/');
 146   1       
 147   1           lcd_Writedata(((month>>4) & 0x0f) + 0x30);
 148   1           lcd_Writedata((month & 0x0f) + 0x30);
 149   1           lcd_Writedata('/');
 150   1       
 151   1           lcd_Writedata(((year>>4) & 0x0f) + 0x30);
 152   1           lcd_Writedata((year & 0x0f) + 0x30);
 153   1       
 154   1       }


MODULE INFORMATION:   STATIC OVERLAYABLE
   CODE SIZE        =    373    ----
   CONSTANT SIZE    =   ----    ----
   XDATA SIZE       =   ----    ----
   PDATA SIZE       =   ----    ----
   DATA SIZE        =   ----      11
   IDATA SIZE       =   ----    ----
   BIT SIZE         =   ----    ----
END OF MODULE INFORMATION.


C51 COMPILATION COMPLETE.  0 WARNING(S),  0 ERROR(S)
