C51 COMPILER V9.01   MAIN                                                                  04/28/2013 15:32:55 PAGE 1   


C51 COMPILER V9.01, COMPILATION OF MODULE MAIN
OBJECT MODULE PLACED IN main.OBJ
COMPILER INVOKED BY: D:\Keil\C51\BIN\C51.EXE main.c BROWSE DEBUG OBJECTEXTEND TABS(2)

line level    source

   1          /*******************************************************************************
   2          * 实验名         : 串口实验
   3          * 使用的IO       : P2
   4          * 实验效果       : 将接收到发送回电脑上面。
   5          * 注意           ：
   6          *******************************************************************************/
   7          
   8          #include<reg51.h>
   9          
  10          void UsartConfiguration();
  11          /*******************************************************************************
  12          * 函数名         : main
  13          * 函数功能       : 主函数
  14          * 输入           : 无
  15          * 输出           : 无
  16          *******************************************************************************/
  17          
  18          void main()
  19          {
  20   1        UsartConfiguration();
  21   1        while(1)
  22   1        {
  23   2        }
  24   1      }
  25          /*******************************************************************************
  26          * 函数名         :UsartConfiguration()
  27          * 函数功能       :设置串口
  28          * 输入           : 无
  29          * 输出           : 无
  30          *******************************************************************************/
  31          
  32          void UsartConfiguration()
  33          {
  34   1        SCON=0X50;      //设置为工作方式1
  35   1        TMOD=0X20;      //设置计数器工作方式2
  36   1        PCON=0X80;      //波特率加倍
  37   1        TH1=0XF3;       //计数器初始值设置，注意波特率是4800的
  38   1        TL1=0XF3;
  39   1        ES=1;           //打开接收中断
  40   1        EA=1;           //打开总中断
  41   1        TR1=1;          //打开计数器
  42   1      }
  43          
  44          /*******************************************************************************
  45          * 函数名         :Delay(unsigned int i)
  46          * 函数功能       : 延时函数
  47          * 输入           : 无
  48          * 输出           : 无
  49          *******************************************************************************/
  50          void Usart() interrupt 4
  51          {
  52   1        unsigned char receiveData;
  53   1      
  54   1        receiveData=SBUF;//出去接收到的数据
  55   1        RI = 0;//清除接收中断标志位
C51 COMPILER V9.01   MAIN                                                                  04/28/2013 15:32:55 PAGE 2   

  56   1        SBUF=receiveData;//将接收到的数据放入到发送寄存器
  57   1        while(!TI);      //等待发送数据完成
  58   1        TI=0;            //清除发送完成标志位
  59   1      }


MODULE INFORMATION:   STATIC OVERLAYABLE
   CODE SIZE        =     50    ----
   CONSTANT SIZE    =   ----    ----
   XDATA SIZE       =   ----    ----
   PDATA SIZE       =   ----    ----
   DATA SIZE        =   ----    ----
   IDATA SIZE       =   ----    ----
   BIT SIZE         =   ----    ----
END OF MODULE INFORMATION.


C51 COMPILATION COMPLETE.  0 WARNING(S),  0 ERROR(S)
