C51 COMPILER V9.01   MAIN                                                                  08/16/2013 16:32:05 PAGE 1   


C51 COMPILER V9.01, COMPILATION OF MODULE MAIN
OBJECT MODULE PLACED IN main.OBJ
COMPILER INVOKED BY: D:\Keil\C51\BIN\C51.EXE main.c BROWSE DEBUG OBJECTEXTEND TABS(2)

line level    source

   1          /*******************************************************************************
   2          * 实 验 名     : 矩阵键盘实验
   3          * 使用的IO       : 数码管使用P0,键盘使用P3.0、P3.1、P3.2、P3.3
   4          * 实验效果       : 按矩阵键盘分别显示在数码管上面显示十六进制的0到F。
   5          * 注    意     ：
   6          *******************************************************************************/
   7          #include<reg51.h>
   8          
   9          #define GPIO_DIG P0
  10          #define GPIO_KEY P1
  11          
  12          sbit LSA=P2^2;
  13          sbit LSB=P2^3;
  14          sbit LSC=P2^4;
  15          
  16          unsigned char code DIG_CODE[17]={
  17          0x3f,0x06,0x5b,0x4f,0x66,0x6d,0x7d,0x07,
  18          0x7f,0x6f,0x77,0x7c,0x39,0x5e,0x79,0x71};
  19          //0、1、2、3、4、5、6、7、8、9、A、b、C、d、E、F的显示码
  20          unsigned char KeyValue;
  21          //用来存放读取到的键值
  22          void Delay10ms();   //延时10ms
  23          void KeyDown();    //检测按键函数
  24           
  25          /*******************************************************************************
  26          * 函 数 名         : main
  27          * 函数功能       : 主函数
  28          * 输    入         : 无
  29          * 输    出         : 无
  30          *******************************************************************************/
  31          void main(void)
  32          {
  33   1        LSA=0; //给一个数码管提供位选
  34   1        LSB=0;
  35   1        LSC=0;
  36   1        while(1)
  37   1        {
  38   2          KeyDown();
  39   2          GPIO_DIG=DIG_CODE[KeyValue];
  40   2        }       
  41   1      }
  42          /*******************************************************************************
  43          * 函 数 名         : KeyDown
  44          * 函数功能       : 检测有按键按下并读取键值
  45          * 输    入         : 无
  46          * 输    出         : 无
  47          *******************************************************************************/
  48          void KeyDown(void)
  49          {
  50   1        char a=0;
  51   1        GPIO_KEY=0x0f;
  52   1        if(GPIO_KEY!=0x0f)//读取按键是否按下
  53   1        {
  54   2          Delay10ms();//延时10ms进行消抖
  55   2          if(GPIO_KEY!=0x0f)//再次检测键盘是否按下
C51 COMPILER V9.01   MAIN                                                                  08/16/2013 16:32:05 PAGE 2   

  56   2          {
  57   3            
  58   3            //测试列
  59   3            GPIO_KEY=0X0F;
  60   3            switch(GPIO_KEY)
  61   3            {
  62   4              case(0X07): KeyValue=0;break;
  63   4              case(0X0b): KeyValue=1;break;
  64   4              case(0X0d): KeyValue=2;break;
  65   4              case(0X0e): KeyValue=3;break;
  66   4            }
  67   3            //测试行
  68   3            GPIO_KEY=0XF0;
  69   3            switch(GPIO_KEY)
  70   3            {
  71   4              case(0X70): KeyValue=KeyValue;break;
  72   4              case(0Xb0): KeyValue=KeyValue+4;break;
  73   4              case(0Xd0): KeyValue=KeyValue+8;break;
  74   4              case(0Xe0): KeyValue=KeyValue+12;break;
  75   4            }
  76   3            while((a<50)&&(GPIO_KEY!=0xf0))  //检测按键松手检测
  77   3            {
  78   4              Delay10ms();
  79   4              a++;
  80   4            }
  81   3          }
  82   2        }
  83   1      }
  84          /*******************************************************************************
  85          * 函 数 名         : Delay10ms
  86          * 函数功能       : 延时函数，延时10ms
  87          * 输    入         : 无
  88          * 输    出         : 无
  89          *******************************************************************************/
  90          void Delay10ms(void)   //误差 0us
  91          {
  92   1          unsigned char a,b,c;
  93   1          for(c=1;c>0;c--)
  94   1              for(b=38;b>0;b--)
  95   1                  for(a=130;a>0;a--);
  96   1      }


MODULE INFORMATION:   STATIC OVERLAYABLE
   CODE SIZE        =    156    ----
   CONSTANT SIZE    =     17    ----
   XDATA SIZE       =   ----    ----
   PDATA SIZE       =   ----    ----
   DATA SIZE        =      1       1
   IDATA SIZE       =   ----    ----
   BIT SIZE         =   ----    ----
END OF MODULE INFORMATION.


C51 COMPILATION COMPLETE.  0 WARNING(S),  0 ERROR(S)
