C51 COMPILER V9.01   MAIN                                                                  08/16/2013 16:31:02 PAGE 1   


C51 COMPILER V9.01, COMPILATION OF MODULE MAIN
OBJECT MODULE PLACED IN main.OBJ
COMPILER INVOKED BY: D:\Keil\C51\BIN\C51.EXE main.c BROWSE DEBUG OBJECTEXTEND TABS(2)

line level    source

   1          /*******************************************************************************
   2          * 实 验 名     : 静态数码管实验
   3          * 使用的IO       : 数码管使用P0,
   4          * 实验效果       : 数码管显示数字
   5          * 注    意     ：
   6          *******************************************************************************/
   7          #include<reg51.h>
   8          
   9          #define GPIO_DIG P0
  10          
  11          sbit LSA=P2^2;
  12          sbit LSB=P2^3;
  13          sbit LSC=P2^4;
  14          //RAM,ROM
  15          unsigned char code DIG_CODE[10]={0x3f,0x06,0x5b,0x4f,0x66,0x6d,0x7d,0x07,0x7f,0x6f};//显示0~9的值
  16          //0~9段码
  17          //0:0011_1111 
  18          /*******************************************************************************
  19          * 函 数 名         : main
  20          * 函数功能       : 主函数
  21          * 输    入         : 无
  22          * 输    出         : 无
  23          *******************************************************************************/
  24          void main(void)
  25          {
  26   1        LSA=0;
  27   1        LSB=0;
  28   1        LSC=0;//我们可以理解为打开某一个数码管打开
  29   1        while(1)
  30   1        {
  31   2          GPIO_DIG=DIG_CODE[6];
  32   2        }       
  33   1      }


MODULE INFORMATION:   STATIC OVERLAYABLE
   CODE SIZE        =     15    ----
   CONSTANT SIZE    =     10    ----
   XDATA SIZE       =   ----    ----
   PDATA SIZE       =   ----    ----
   DATA SIZE        =   ----    ----
   IDATA SIZE       =   ----    ----
   BIT SIZE         =   ----    ----
END OF MODULE INFORMATION.


C51 COMPILATION COMPLETE.  0 WARNING(S),  0 ERROR(S)
