C51 COMPILER V9.01   MAIN                                                                  08/16/2013 16:36:14 PAGE 1   


C51 COMPILER V9.01, COMPILATION OF MODULE MAIN
OBJECT MODULE PLACED IN main.OBJ
COMPILER INVOKED BY: D:\Keil\C51\BIN\C51.EXE main.c BROWSE DEBUG OBJECTEXTEND TABS(2)

line level    source

   1          /*******************************************************************************
   2          * 实 验 名     : 动态显示数码管实验
   3          * 使用的IO       : 数码管使用P0,P2.2,P2.3,P2.4键盘使用P1
   4          * 实验效果       : 按矩阵键盘分别显示在数码管上面显示十六进制的0到F。
   5          * 注    意     ：
   6          *******************************************************************************/
   7          #include<reg51.h>
   8          //#include<intrins.h> 
   9          
  10          #define GPIO_DIG P0
  11          #define GPIO_KEY P1
  12          
  13          sbit LSA=P2^2;
  14          sbit LSB=P2^3;
  15          sbit LSC=P2^4;
  16          
  17          unsigned char code DIG_CODE[17]={
  18          0x3f,0x06,0x5b,0x4f,0x66,0x6d,0x7d,0x07,
  19          0x7f,0x6f,0x77,0x7c,0x39,0x5e,0x79,0x71};
  20          //0、1、2、3、4、5、6、7、8、9、A、b、C、d、E、F的显示码
  21          unsigned char KeyValue;
  22          //用来存放读取到的键值
  23          unsigned char KeyState; //记录按键的状态，0没有，1有
  24          unsigned char DisplayData[8];
  25          //用来存放要显示的8位数的值
  26          unsigned char Num;//用来存放中断的时候显示的第位数值
  27          void Delay50us();   //延时50us
  28          void KeyDown();    //检测按键函数
  29          void DigDisplay(); //动态显示函数
  30          void TimerConfiguration();//定时器初始化设置
  31          /*******************************************************************************
  32          * 函 数 名         : main
  33          * 函数功能       : 主函数
  34          * 输    入         : 无
  35          * 输    出         : 无
  36          *******************************************************************************/
  37          void main(void)
  38          {
  39   1        TimerConfiguration();
  40   1        KeyState=0;  //初始化按键状态
  41   1        while(1)
  42   1        {
  43   2          KeyDown();
  44   2          if(KeyState==1)
  45   2          {
  46   3            DisplayData[7]=DisplayData[6];
  47   3            DisplayData[6]=DisplayData[5];
  48   3            DisplayData[5]=DisplayData[4];
  49   3            DisplayData[4]=DisplayData[3];
  50   3            DisplayData[3]=DisplayData[2];
  51   3            DisplayData[2]=DisplayData[1];
  52   3            DisplayData[1]=DisplayData[0];
  53   3            DisplayData[0]=DIG_CODE[KeyValue];
  54   3            KeyState=0;
  55   3          }
C51 COMPILER V9.01   MAIN                                                                  08/16/2013 16:36:14 PAGE 2   

  56   2      //    DigDisplay();
  57   2        }       
  58   1      }
  59          /*******************************************************************************
  60          * 函 数 名         : TimerConfiguration
  61          * 函数功能       : 定时器初始化
  62          * 输    入         : 无
  63          * 输    出         : 无
  64          *******************************************************************************/
  65          void TimerConfiguration()
  66          {
  67   1        TMOD=0X02;//选择为定时器0模式，工作方式2，仅用TRX打开启动。
  68   1      
  69   1        TH0=0X9C; //给定时器赋初值，定时100us
  70   1        TL0=0X9C; 
  71   1        ET0=1;//打开定时器0中断允许
  72   1        EA=1;//打开总中断
  73   1        TR0=1;//打开定时器      
  74   1      }
  75          /*******************************************************************************
  76          * 函 数 名         : DigDisplay
  77          * 函数功能       : 使用数码管显示
  78          * 输    入         : 无
  79          * 输    出         : 无
  80          *******************************************************************************/
  81          void DigDisplay()
  82          {
  83   1        unsigned char i,j;
  84   1      //  for(i=0;i<8;i++)
  85   1      //  {
  86   1          GPIO_DIG=0x00;//消隐
  87   1          switch(i)  //位选，选择点亮的数码管，
  88   1          {
  89   2            case(0):
  90   2              LSA=0;LSB=0;LSC=0; break;
  91   2            case(1):
  92   2              LSA=1;LSB=0;LSC=0; break;
  93   2            case(2):
  94   2              LSA=0;LSB=1;LSC=0; break;
  95   2            case(3):
  96   2              LSA=1;LSB=1;LSC=0; break;
  97   2            case(4):
  98   2              LSA=0;LSB=0;LSC=1; break;
  99   2            case(5):
 100   2              LSA=1;LSB=0;LSC=1; break;
 101   2            case(6):
 102   2              LSA=0;LSB=1;LSC=1; break;
 103   2            case(7):
 104   2              LSA=1;LSB=1;LSC=1; break; 
 105   2          }
 106   1          GPIO_DIG=DisplayData[i];
 107   1          i++;
 108   1          if(i>7)
 109   1            i=0;
 110   1      //    j=10;            //扫描间隔时间设定
 111   1      //    while(j--)
 112   1      //      Delay50us();  
 113   1      //    GPIO_DIG=0x00;//消隐
 114   1      //  }
 115   1      }
*** WARNING C280 IN LINE 83 OF MAIN.C: 'j': unreferenced local variable
 116          /*******************************************************************************
C51 COMPILER V9.01   MAIN                                                                  08/16/2013 16:36:14 PAGE 3   

 117          * 函 数 名         : KeyDown
 118          * 函数功能       : 检测有按键按下并读取键值
 119          * 输    入         : 无
 120          * 输    出         : 无
 121          *******************************************************************************/
 122          void KeyDown(void)
 123          {
 124   1        unsigned int a=0;
 125   1        GPIO_KEY=0x0f;
 126   1        if(GPIO_KEY!=0x0f)
 127   1        {
 128   2          Delay50us();
 129   2          a++;  
 130   2          a=0;
 131   2          if(GPIO_KEY!=0x0f)
 132   2          {
 133   3            ET0=0;//关定时器中断
 134   3            KeyState=1;//有按键按下
 135   3            //测试列
 136   3            GPIO_KEY=0X0F;
 137   3      //      Delay50us();
 138   3            switch(GPIO_KEY)
 139   3            {
 140   4              case(0X07): KeyValue=0;break;
 141   4              case(0X0b): KeyValue=1;break;
 142   4              case(0X0d): KeyValue=2;break;
 143   4              case(0X0e): KeyValue=3;break;
 144   4      //        default:  KeyValue=17;  //检测出错回复17意思是把数码管全灭掉。
 145   4            }
 146   3            //测试行
 147   3            GPIO_KEY=0XF0;
 148   3            Delay50us();
 149   3            switch(GPIO_KEY)
 150   3            {
 151   4              case(0X70): KeyValue=KeyValue;break;
 152   4              case(0Xb0): KeyValue=KeyValue+4;break;
 153   4              case(0Xd0): KeyValue=KeyValue+8;break;
 154   4              case(0Xe0): KeyValue=KeyValue+12;break;
 155   4      //        default:  KeyValue=17;
 156   4            }
 157   3            ET0=1;//开定时器中断
 158   3            while((a<5000)&&(GPIO_KEY!=0xf0))  //检测按键松手检测
 159   3            {
 160   4              Delay50us();
 161   4              a++;
 162   4            }
 163   3            a=0;
 164   3          }
 165   2        }
 166   1      }
 167          /*******************************************************************************
 168          * 函 数 名         : Delay50us
 169          * 函数功能       : 延时函数，延时50us
 170          * 输    入         : 无
 171          * 输    出         : 无
 172          *******************************************************************************/
 173          void Delay50us(void)   //延时50us误差 0us
 174          {
 175   1          unsigned char a,b;
 176   1          for(b=1;b>0;b--)
 177   1              for(a=22;a>0;a--);
 178   1      }
C51 COMPILER V9.01   MAIN                                                                  08/16/2013 16:36:14 PAGE 4   

 179          /*******************************************************************************
 180          * 函 数 名         : Delay50us
 181          * 函数功能       : 延时函数，延时50us
 182          * 输    入         : 无
 183          * 输    出         : 无
 184          *******************************************************************************/
 185          void Timer() interrupt 1
 186          {
 187   1        DigDisplay(); 
 188   1      }


MODULE INFORMATION:   STATIC OVERLAYABLE
   CODE SIZE        =    376    ----
   CONSTANT SIZE    =     17    ----
   XDATA SIZE       =   ----    ----
   PDATA SIZE       =   ----    ----
   DATA SIZE        =     11       4
   IDATA SIZE       =   ----    ----
   BIT SIZE         =   ----    ----
END OF MODULE INFORMATION.


C51 COMPILATION COMPLETE.  1 WARNING(S),  0 ERROR(S)
