BL51 BANKED LINKER/LOCATER V6.22.4.0                                                    09/16/2024  23:51:28  PAGE 1


BL51 BANKED LINKER/LOCATER V6.22.4.0, INVOKED BY:
C:\KEIL_V5\C51\BIN\BL51.EXE .\Objects\STARTUP.obj, .\Objects\main.obj TO .\Objects\dengiaothongKITSTC89c52RC PRINT (.\Li
>> stings\dengiaothongKITSTC89c52RC.m51) RAMSIZE (256)


MEMORY MODEL: SMALL


INPUT MODULES INCLUDED:
  .\Objects\STARTUP.obj (?C_STARTUP)
  .\Objects\main.obj (MAIN)
  C:\KEIL_V5\C51\LIB\C51S.LIB (?C_INIT)
  C:\KEIL_V5\C51\LIB\C51S.LIB (?C?SIDIV)
  C:\KEIL_V5\C51\LIB\C51S.LIB (?C?UIDIV)


LINK MAP OF MODULE:  .\Objects\dengiaothongKITSTC89c52RC (?C_STARTUP)


            TYPE    BASE      LENGTH    RELOCATION   SEGMENT NAME
            -----------------------------------------------------

            * * * * * * *   D A T A   M E M O R Y   * * * * * * *
            REG     0000H     0008H     ABSOLUTE     "REG BANK 0"
            DATA    0008H     0028H     UNIT         ?DT?MAIN
            DATA    0030H     0002H     UNIT         _DATA_GROUP_
            IDATA   0032H     0001H     UNIT         ?STACK

            * * * * * * *   C O D E   M E M O R Y   * * * * * * *
            CODE    0000H     0003H     ABSOLUTE     
                    0003H     0008H                  *** GAP ***
            CODE    000BH     0003H     ABSOLUTE     
            CODE    000EH     02A5H     UNIT         ?PR?TRAFFIC_AUTO?MAIN
            CODE    02B3H     00C4H     UNIT         ?PR?MAIN?MAIN
            CODE    0377H     008CH     UNIT         ?C_C51STARTUP
            CODE    0403H     008BH     UNIT         ?C?LIB_CODE
            CODE    048EH     0059H     UNIT         ?PR?_DELAY_MS?MAIN
            CODE    04E7H     0049H     UNIT         ?PR?ISR_TIMER?MAIN
            CODE    0530H     0029H     UNIT         ?C_INITSEG
            CODE    0559H     0010H     UNIT         ?PR?INTERRUPT_TIMER0?MAIN
            CODE    0569H     000BH     UNIT         ?CO?MAIN



OVERLAY MAP OF MODULE:   .\Objects\dengiaothongKITSTC89c52RC (?C_STARTUP)


SEGMENT                             DATA_GROUP 
  +--> CALLED SEGMENT             START    LENGTH
-------------------------------------------------
?C_C51STARTUP                     -----    -----
  +--> ?PR?MAIN?MAIN
  +--> ?C_INITSEG

?PR?MAIN?MAIN                     0030H    0002H
  +--> ?PR?INTERRUPT_TIMER0?MAIN
  +--> ?PR?_DELAY_MS?MAIN
  +--> ?PR?TRAFFIC_AUTO?MAIN
BL51 BANKED LINKER/LOCATER V6.22.4.0                                                  09/16/2024  23:51:28  PAGE 2



?PR?_DELAY_MS?MAIN                -----    -----
  +--> ?CO?MAIN

?PR?TRAFFIC_AUTO?MAIN             -----    -----
  +--> ?PR?_DELAY_MS?MAIN
  +--> ?CO?MAIN

*** NEW ROOT ***************************************************

?PR?ISR_TIMER?MAIN                -----    -----
  +--> ?PR?_DELAY_MS?MAIN



SYMBOL TABLE OF MODULE:  .\Objects\dengiaothongKITSTC89c52RC (?C_STARTUP)

  VALUE           TYPE          NAME
  ----------------------------------

  -------         MODULE        ?C_STARTUP
  C:0377H         SEGMENT       ?C_C51STARTUP
  I:0032H         SEGMENT       ?STACK
  C:0000H         PUBLIC        ?C_STARTUP
  D:00E0H         SYMBOL        ACC
  D:00F0H         SYMBOL        B
  D:0083H         SYMBOL        DPH
  D:0082H         SYMBOL        DPL
  N:0000H         SYMBOL        IBPSTACK
  N:0100H         SYMBOL        IBPSTACKTOP
  N:0080H         SYMBOL        IDATALEN
  C:037AH         SYMBOL        IDATALOOP
  N:0000H         SYMBOL        PBPSTACK
  N:0100H         SYMBOL        PBPSTACKTOP
  N:0000H         SYMBOL        PDATALEN
  N:0000H         SYMBOL        PDATASTART
  N:0000H         SYMBOL        PPAGE
  N:0000H         SYMBOL        PPAGEENABLE
  D:00A0H         SYMBOL        PPAGE_SFR
  D:0081H         SYMBOL        SP
  C:0377H         SYMBOL        STARTUP1
  N:0000H         SYMBOL        XBPSTACK
  N:0000H         SYMBOL        XBPSTACKTOP
  N:0000H         SYMBOL        XDATALEN
  N:0000H         SYMBOL        XDATASTART
  C:0000H         LINE#         126
  C:0377H         LINE#         133
  C:0379H         LINE#         134
  C:037AH         LINE#         135
  C:037BH         LINE#         136
  C:037DH         LINE#         185
  C:0380H         LINE#         196
  -------         ENDMOD        ?C_STARTUP

  -------         MODULE        MAIN
  C:0000H         SYMBOL        _ICE_DUMMY_
  D:0080H         PUBLIC        P0
BL51 BANKED LINKER/LOCATER V6.22.4.0                                                  09/16/2024  23:51:28  PAGE 3


  D:00A0H         PUBLIC        P2
  D:00B0H         PUBLIC        P3
  D:0008H         PUBLIC        chedo
  B:00A8H.7       PUBLIC        EA
  B:00B0H.2       PUBLIC        SW_chedo
  B:00B0H.4       PUBLIC        P3_4
  B:00B0H.5       PUBLIC        P3_5
  B:00B0H.6       PUBLIC        P3_6
  C:02B3H         PUBLIC        main
  D:000AH         PUBLIC        tanso
  B:00B0H.3       PUBLIC        SW
  D:000CH         PUBLIC        chuyenhuong
  D:0089H         PUBLIC        TMOD
  D:000EH         PUBLIC        dem
  D:0010H         PUBLIC        BNchay
  C:000EH         PUBLIC        Traffic_Auto
  D:0018H         PUBLIC        BNvang
  D:0020H         PUBLIC        DTchay
  D:0028H         PUBLIC        DTvang
  B:00A8H.1       PUBLIC        ET0
  B:0088H.7       PUBLIC        TF1
  D:008CH         PUBLIC        TH0
  D:008DH         PUBLIC        TH1
  D:008AH         PUBLIC        TL0
  D:008BH         PUBLIC        TL1
  C:04E7H         PUBLIC        ISR_TIMER
  C:04CAH         PUBLIC        _delay_ms
  B:0088H.4       PUBLIC        TR0
  B:0088H.6       PUBLIC        TR1
  C:0559H         PUBLIC        Interrupt_Timer0
  C:0569H         PUBLIC        Code7segCatot
  C:049DH         SYMBOL        L?0087
  C:04ADH         SYMBOL        L?0088
  C:04B1H         SYMBOL        L?0089
  C:04C0H         SYMBOL        L?0090
  -------         PROC          L?0086
  -------         ENDPROC       L?0086
  C:049DH         SYMBOL        L?0087
  C:04ADH         SYMBOL        L?0088
  C:04B1H         SYMBOL        L?0089
  C:04C0H         SYMBOL        L?0090
  -------         PROC          _DELAY_MS
  D:0006H         SYMBOL        time
  C:04CAH         LINE#         8
  C:04CAH         LINE#         9
  C:04CAH         LINE#         15
  C:04D4H         LINE#         16
  C:04D7H         LINE#         17
  C:04DAH         LINE#         18
  C:04DDH         LINE#         19
  C:04DFH         LINE#         20
  C:04E2H         LINE#         21
  C:04E4H         LINE#         22
  C:04E6H         LINE#         23
  -------         ENDPROC       _DELAY_MS
  -------         PROC          TRAFFIC_AUTO
  -------         DO            
BL51 BANKED LINKER/LOCATER V6.22.4.0                                                  09/16/2024  23:51:28  PAGE 4


  D:0002H         SYMBOL        i
  -------         ENDDO         
  C:000EH         LINE#         24
  C:000EH         LINE#         25
  C:000EH         LINE#         28
  C:0010H         LINE#         29
  C:0012H         LINE#         30
  C:0015H         LINE#         31
  C:0015H         LINE#         32
  C:001EH         LINE#         33
  C:0025H         LINE#         34
  C:0027H         LINE#         35
  C:002EH         LINE#         36
  C:0030H         LINE#         37
  C:003BH         LINE#         38
  C:003DH         LINE#         40
  C:0043H         LINE#         41
  C:0043H         LINE#         42
  C:004EH         LINE#         43
  C:004EH         LINE#         45
  C:004EH         LINE#         46
  C:0053H         LINE#         47
  C:0053H         LINE#         48
  C:0056H         LINE#         50
  C:0069H         LINE#         51
  C:006CH         LINE#         54
  C:006FH         LINE#         55
  C:0088H         LINE#         56
  C:008BH         LINE#         59
  C:008EH         LINE#         60
  C:008EH         LINE#         61
  C:0091H         LINE#         62
  C:0094H         LINE#         63
  C:009EH         LINE#         64
  C:00A1H         LINE#         66
  C:00B4H         LINE#         67
  C:00CCH         LINE#         69
  C:00CEH         LINE#         70
  C:00D0H         LINE#         71
  C:00D3H         LINE#         72
  C:00D3H         LINE#         73
  C:00DCH         LINE#         74
  C:00E3H         LINE#         75
  C:00E5H         LINE#         76
  C:00ECH         LINE#         77
  C:00EEH         LINE#         78
  C:00F9H         LINE#         79
  C:00FBH         LINE#         81
  C:0101H         LINE#         82
  C:0101H         LINE#         83
  C:010CH         LINE#         84
  C:010CH         LINE#         86
  C:010CH         LINE#         87
  C:0111H         LINE#         88
  C:0111H         LINE#         90
  C:0114H         LINE#         92
  C:0127H         LINE#         93
BL51 BANKED LINKER/LOCATER V6.22.4.0                                                  09/16/2024  23:51:28  PAGE 5


  C:012AH         LINE#         96
  C:012DH         LINE#         97
  C:013FH         LINE#         98
  C:0142H         LINE#         101
  C:0145H         LINE#         102
  C:0158H         LINE#         103
  C:0158H         LINE#         107
  C:0158H         LINE#         108
  C:0158H         LINE#         109
  C:015BH         LINE#         111
  C:016EH         LINE#         112
  C:017FH         LINE#         115
  C:0181H         LINE#         116
  C:0183H         LINE#         117
  C:0186H         LINE#         118
  C:0186H         LINE#         119
  C:018FH         LINE#         120
  C:0196H         LINE#         121
  C:0198H         LINE#         122
  C:019FH         LINE#         123
  C:01A1H         LINE#         124
  C:01ACH         LINE#         125
  C:01AEH         LINE#         126
  C:01B4H         LINE#         127
  C:01B4H         LINE#         128
  C:01BFH         LINE#         129
  C:01BFH         LINE#         131
  C:01BFH         LINE#         132
  C:01C4H         LINE#         133
  C:01C4H         LINE#         136
  C:01C7H         LINE#         137
  C:01D9H         LINE#         138
  C:01DCH         LINE#         141
  C:01DFH         LINE#         142
  C:01E9H         LINE#         143
  C:01E9H         LINE#         146
  C:01E9H         LINE#         147
  C:01E9H         LINE#         148
  C:01ECH         LINE#         152
  C:01EFH         LINE#         153
  C:01F9H         LINE#         154
  C:01FCH         LINE#         156
  C:020FH         LINE#         157
  C:0224H         LINE#         160
  C:0226H         LINE#         161
  C:0228H         LINE#         162
  C:022BH         LINE#         163
  C:022BH         LINE#         164
  C:0234H         LINE#         165
  C:023BH         LINE#         166
  C:023DH         LINE#         167
  C:0244H         LINE#         168
  C:0246H         LINE#         169
  C:0251H         LINE#         170
  C:0253H         LINE#         171
  C:0259H         LINE#         172
  C:0259H         LINE#         173
BL51 BANKED LINKER/LOCATER V6.22.4.0                                                  09/16/2024  23:51:28  PAGE 6


  C:0261H         LINE#         174
  C:0261H         LINE#         176
  C:0261H         LINE#         177
  C:0266H         LINE#         178
  C:0266H         LINE#         181
  C:0269H         LINE#         182
  C:027BH         LINE#         183
  C:027EH         LINE#         186
  C:0281H         LINE#         187
  C:0285H         LINE#         188
  C:0285H         LINE#         191
  C:0285H         LINE#         192
  C:0285H         LINE#         193
  C:0288H         LINE#         197
  C:028BH         LINE#         198
  C:028BH         LINE#         199
  C:028EH         LINE#         201
  C:02A1H         LINE#         202
  C:02B2H         LINE#         203
  -------         ENDPROC       TRAFFIC_AUTO
  -------         PROC          INTERRUPT_TIMER0
  C:0559H         LINE#         204
  C:0559H         LINE#         205
  C:0559H         LINE#         212
  C:055CH         LINE#         215
  C:055FH         LINE#         216
  C:0562H         LINE#         218
  C:0564H         LINE#         219
  C:0566H         LINE#         221
  C:0568H         LINE#         222
  -------         ENDPROC       INTERRUPT_TIMER0
  -------         PROC          ISR_TIMER
  C:04E7H         LINE#         224
  C:04F4H         LINE#         226
  C:04F7H         LINE#         227
  C:04F7H         LINE#         228
  C:04FAH         LINE#         229
  C:04FAH         LINE#         230
  C:0501H         LINE#         231
  C:0504H         LINE#         232
  C:0504H         LINE#         233
  C:050CH         LINE#         234
  C:050CH         LINE#         235
  C:0519H         LINE#         236
  C:051FH         LINE#         237
  C:051FH         LINE#         239
  C:0522H         LINE#         240
  C:0525H         LINE#         241
  C:0525H         LINE#         242
  -------         ENDPROC       ISR_TIMER
  -------         PROC          MAIN
  -------         DO            
  D:0030H         SYMBOL        i
  -------         ENDDO         
  C:02B3H         LINE#         244
  C:02B3H         LINE#         245
  C:02B3H         LINE#         247
BL51 BANKED LINKER/LOCATER V6.22.4.0                                                  09/16/2024  23:51:28  PAGE 7


  C:02B6H         LINE#         248
  C:02B6H         LINE#         249
  C:02B6H         LINE#         250
  C:02C1H         LINE#         251
  C:02C1H         LINE#         252
  C:02C4H         LINE#         253
  C:02C6H         LINE#         254
  C:02C9H         LINE#         255
  C:02C9H         LINE#         256
  C:02CFH         LINE#         257
  C:02D2H         LINE#         258
  C:02D2H         LINE#         259
  C:02DAH         LINE#         260
  C:02DAH         LINE#         261
  C:02E7H         LINE#         262
  C:02ECH         LINE#         263
  C:02ECH         LINE#         264
  C:02F2H         LINE#         265
  C:02F2H         LINE#         266
  C:02F4H         LINE#         267
  C:02F6H         LINE#         268
  C:02FBH         LINE#         269
  C:02FBH         LINE#         270
  C:0305H         LINE#         271
  C:030CH         LINE#         272
  C:030EH         LINE#         273
  C:0315H         LINE#         274
  C:0317H         LINE#         275
  C:032AH         LINE#         276
  C:032CH         LINE#         277
  C:032EH         LINE#         279
  C:032EH         LINE#         280
  C:0330H         LINE#         281
  C:0332H         LINE#         282
  C:0337H         LINE#         283
  C:0337H         LINE#         284
  C:0341H         LINE#         285
  C:0348H         LINE#         286
  C:034AH         LINE#         287
  C:0351H         LINE#         288
  C:0353H         LINE#         289
  C:0366H         LINE#         290
  C:0368H         LINE#         291
  C:0368H         LINE#         292
  C:0368H         LINE#         293
  C:0371H         LINE#         294
  C:0374H         LINE#         295
  -------         ENDPROC       MAIN
  -------         ENDMOD        MAIN

  -------         MODULE        ?C?SIDIV
  C:0403H         PUBLIC        ?C?SIDIV
  -------         ENDMOD        ?C?SIDIV

  -------         MODULE        ?C?UIDIV
  C:0439H         PUBLIC        ?C?UIDIV
  -------         ENDMOD        ?C?UIDIV
BL51 BANKED LINKER/LOCATER V6.22.4.0                                                  09/16/2024  23:51:28  PAGE 8



Program Size: data=51.0 xdata=0 code=1388
LINK/LOCATE RUN COMPLETE.  0 WARNING(S),  0 ERROR(S)
