C51 COMPILER V9.60.7.0   MAIN                                                              11/25/2024 14:00:46 PAGE 1   


C51 COMPILER V9.60.7.0, COMPILATION OF MODULE MAIN
OBJECT MODULE PLACED IN .\Objects\main.obj
COMPILER INVOKED BY: C:\Keil_v5\C51\BIN\C51.EXE main.c OPTIMIZE(8,SPEED) BROWSE DEBUG OBJECTEXTEND PRINT(.\Listings\main
                    -.lst) TABS(2) OBJECT(.\Objects\main.obj)

line level    source

   1          #include "Calendar_OnKit.h"
*** ERROR C141 IN LINE 42 OF LED7Seg_OnKit.h: syntax error near ')', expected '<id>'
*** ERROR C141 IN LINE 57 OF LED7Seg_OnKit.h: syntax error near 'code', expected 'sizeof'
*** ERROR C141 IN LINE 67 OF LED7Seg_OnKit.h: syntax error near 'uint', expected 'sizeof'
*** ERROR C202 IN LINE 67 OF LED7Seg_OnKit.h: 'i': undefined identifier
*** ERROR C202 IN LINE 67 OF LED7Seg_OnKit.h: 'i': undefined identifier
*** ERROR C202 IN LINE 67 OF LED7Seg_OnKit.h: 'i': undefined identifier
*** ERROR C141 IN LINE 67 OF LED7Seg_OnKit.h: syntax error near ')', expected ';'
*** ERROR C141 IN LINE 70 OF LED7Seg_OnKit.h: syntax error near 'uint', expected 'sizeof'
*** ERROR C202 IN LINE 70 OF LED7Seg_OnKit.h: 'j': undefined identifier
*** ERROR C202 IN LINE 70 OF LED7Seg_OnKit.h: 'j': undefined identifier
*** ERROR C202 IN LINE 70 OF LED7Seg_OnKit.h: 'j': undefined identifier
*** ERROR C141 IN LINE 70 OF LED7Seg_OnKit.h: syntax error near ')', expected ';'
   2          
   3          void main(void){
   4   1         
   5   1        
   6   1        calendar_initial();
   7   1      
   8   1        while(0x1){
   9   2          calendar_disp();
  10   2        }
  11   1      }

C51 COMPILATION COMPLETE.  0 WARNING(S),  12 ERROR(S)
