C51 COMPILER V9.01   TEMP                                                                  12/20/2013 09:07:30 PAGE 1   


C51 COMPILER V9.01, COMPILATION OF MODULE TEMP
OBJECT MODULE PLACED IN temp.OBJ
COMPILER INVOKED BY: D:\KEIL\C51\BIN\C51.EXE temp.c BROWSE DEBUG OBJECTEXTEND

line level    source

   1          #include"temp.h"
   2          /*******************************************************************************
   3          * 函数名         : Delay1ms
   4          * 函数功能                 : 延时函数
   5          * 输入           : 无
   6          * 输出           : 无
   7          *******************************************************************************/
   8          
   9          void Delay1ms(unsigned int y)
  10          {
  11   1              unsigned int x;
  12   1              for(y;y>0;y--)
  13   1                      for(x=110;x>0;x--);
  14   1      }
  15          /*******************************************************************************
  16          * 函数名         : Ds18b20Init
  17          * 函数功能                 : 初始化
  18          * 输入           : 无
  19          * 输出           : 初始化成功返回1，失败返回0
  20          *******************************************************************************/
  21          
  22          unsigned char Ds18b20Init()
  23          {
  24   1              unsigned int i;
  25   1          EA = 0;
  26   1              DSPORT=0;                        //将总线拉低480us~960us
  27   1              i=70;   
  28   1              while(i--);//延时642us
  29   1              DSPORT=1;                       //然后拉高总线，如果DS18B20做出反应会将在15us~60us后总线拉低
  30   1              i=0;
  31   1          EA = 1;
  32   1              while(DSPORT)   //等待DS18B20拉低总线
  33   1              {
  34   2                      i++;
  35   2                      if(i>5000)//等待>5MS
  36   2                              return 0;//初始化失败   
  37   2              }
  38   1              return 1;//初始化成功
  39   1      }
  40          
  41          /*******************************************************************************
  42          * 函数名         : Ds18b20WriteByte
  43          * 函数功能                 : 向18B20写入一个字节
  44          * 输入           : com
  45          * 输出           : 无
  46          *******************************************************************************/
  47          
  48          void Ds18b20WriteByte(unsigned char dat)
  49          {
  50   1              unsigned int i,j;
  51   1          EA = 0;
  52   1              for(j=0;j<8;j++)
  53   1              {
  54   2                      DSPORT=0;                       //每写入一位数据之前先把总线拉低1us
  55   2                      i++;
C51 COMPILER V9.01   TEMP                                                                  12/20/2013 09:07:30 PAGE 2   

  56   2                      DSPORT=dat&0x01; //然后写入一个数据，从最低位开始
  57   2                      i=6;
  58   2                      while(i--); //延时68us，持续时间最少60us
  59   2                      DSPORT=1;       //然后释放总线，至少1us给总线恢复时间才能接着写入第二个数值
  60   2                      dat>>=1;
  61   2              }
  62   1          EA = 1;
  63   1      }
  64          /*******************************************************************************
  65          * 函数名         : Ds18b20ReadByte
  66          * 函数功能                 : 读取一个字节
  67          * 输入           : com
  68          * 输出           : 无
  69          *******************************************************************************/
  70          
  71          
  72          unsigned char Ds18b20ReadByte()
  73          {
  74   1              unsigned char byte,bi;
  75   1              unsigned int i,j;
  76   1          EA = 0;     
  77   1              for(j=8;j>0;j--)
  78   1              {
  79   2                      DSPORT=0;//先将总线拉低1us
  80   2                      i++;
  81   2                      DSPORT=1;//然后释放总线
  82   2                      i++;
  83   2                      i++;//延时6us等待数据稳定
  84   2                      bi=DSPORT;       //读取数据，从最低位开始读取
  85   2                      /*将byte左移一位，然后与上右移7位后的bi，注意移动之后移掉那位补0。*/
  86   2                      byte=(byte>>1)|(bi<<7);                                           
  87   2                      i=4;            //读取完之后等待48us再接着读取下一个数
  88   2                      while(i--);
  89   2              }
  90   1          EA = 1;                             
  91   1              return byte;
  92   1      }
  93          /*******************************************************************************
  94          * 函数名         : Ds18b20ChangTemp
  95          * 函数功能                 : 让18b20开始转换温度
  96          * 输入           : com
  97          * 输出           : 无
  98          *******************************************************************************/
  99          
 100          void  Ds18b20ChangTemp()
 101          {
 102   1              Ds18b20Init();
 103   1              Delay1ms(1);
 104   1              Ds18b20WriteByte(0xcc);         //跳过ROM操作命令                
 105   1              Ds18b20WriteByte(0x44);     //温度转换命令
 106   1      //      Delay1ms(100);  //等待转换成功，而如果你是一直刷着的话，就不用这个延时了
 107   1         
 108   1      }
 109          /*******************************************************************************
 110          * 函数名         : Ds18b20ReadTempCom
 111          * 函数功能                 : 发送读取温度命令
 112          * 输入           : com
 113          * 输出           : 无
 114          *******************************************************************************/
 115          
 116          void  Ds18b20ReadTempCom()
 117          {       
C51 COMPILER V9.01   TEMP                                                                  12/20/2013 09:07:30 PAGE 3   

 118   1      
 119   1              Ds18b20Init();
 120   1              Delay1ms(1);
 121   1              Ds18b20WriteByte(0xcc);  //跳过ROM操作命令
 122   1              Ds18b20WriteByte(0xbe);  //发送读取温度命令
 123   1      }
 124          /*******************************************************************************
 125          * 函数名         : Ds18b20ReadTemp
 126          * 函数功能                 : 读取温度
 127          * 输入           : com
 128          * 输出           : 无
 129          *******************************************************************************/
 130          
 131          int Ds18b20ReadTemp()
 132          {
 133   1              int temp=0;
 134   1              unsigned char tmh,tml;
 135   1              Ds18b20ChangTemp();                             //先写入转换命令
 136   1              Ds18b20ReadTempCom();                   //然后等待转换完后发送读取温度命令
 137   1              tml=Ds18b20ReadByte();          //读取温度值共16位，先读低字节
 138   1              tmh=Ds18b20ReadByte();          //再读高字节
 139   1              temp=tmh;
 140   1              temp<<=8;
 141   1              temp|=tml;
 142   1              return temp;
 143   1      }
 144          
 145          


MODULE INFORMATION:   STATIC OVERLAYABLE
   CODE SIZE        =    253    ----
   CONSTANT SIZE    =   ----    ----
   XDATA SIZE       =   ----    ----
   PDATA SIZE       =   ----    ----
   DATA SIZE        =   ----       3
   IDATA SIZE       =   ----    ----
   BIT SIZE         =   ----    ----
END OF MODULE INFORMATION.


C51 COMPILATION COMPLETE.  0 WARNING(S),  0 ERROR(S)
