BL51 BANKED LINKER/LOCATER V6.22.4.0                                                    11/25/2024  14:58:20  PAGE 1


BL51 BANKED LINKER/LOCATER V6.22.4.0, INVOKED BY:
C:\KEIL_V5\C51\BIN\BL51.EXE main.obj, XPT2046.obj TO AD


MEMORY MODEL: SMALL


INPUT MODULES INCLUDED:
  main.obj (MAIN)
  XPT2046.obj (XPT2046)
  C:\KEIL_V5\C51\LIB\C51S.LIB (?C_STARTUP)
  C:\KEIL_V5\C51\LIB\C51S.LIB (?C?ULCMP)
  C:\KEIL_V5\C51\LIB\C51S.LIB (?C?LSHL)
  C:\KEIL_V5\C51\LIB\C51S.LIB (?C_INIT)


LINK MAP OF MODULE:  AD (MAIN)


            TYPE    BASE      LENGTH    RELOCATION   SEGMENT NAME
            -----------------------------------------------------

            * * * * * * *   D A T A   M E M O R Y   * * * * * * *
            REG     0000H     0008H     ABSOLUTE     "REG BANK 0"
            DATA    0008H     0018H     UNIT         ?DT?MAIN
            DATA    0020H     000CH     UNIT         _DATA_GROUP_
            IDATA   002CH     0001H     UNIT         ?STACK

            * * * * * * *   C O D E   M E M O R Y   * * * * * * *
            CODE    0000H     0003H     ABSOLUTE     
            CODE    0003H     0003H     ABSOLUTE     
                    0006H     0005H                  *** GAP ***
            CODE    000BH     0003H     ABSOLUTE     
                    000EH     07F2H                  *** GAP ***
            CODE    0800H     009FH     UNIT         ?PR?EXTERNALINTR0_ISR?MAIN
            CODE    089FH     008CH     UNIT         ?C_C51STARTUP
            CODE    092BH     0061H     UNIT         ?PR?MAIN?MAIN
            CODE    098CH     0024H     UNIT         ?PR?SPI_READ?XPT2046
            CODE    09B0H     0024H     UNIT         ?C?LIB_CODE
            CODE    09D4H     0020H     UNIT         ?PR?_DELAY?MAIN
            CODE    09F4H     001EH     UNIT         ?PR?_DECODE_IRKEY?MAIN
            CODE    0A12H     001CH     UNIT         ?C_INITSEG
            CODE    0A2EH     001CH     UNIT         ?PR?_SPI_WRITE?XPT2046
            CODE    0A4AH     0019H     UNIT         ?PR?_READ_AD_DATA?XPT2046
            CODE    0A63H     0018H     UNIT         ?PR?TIMER0_ISR?MAIN
            CODE    0A7BH     0012H     UNIT         ?PR?TIMER0_INIT?MAIN
            CODE    0A8DH     000BH     UNIT         ?PR?SPI_START?XPT2046



OVERLAY MAP OF MODULE:   AD (MAIN)


SEGMENT                              DATA_GROUP 
  +--> CALLED SEGMENT              START    LENGTH
--------------------------------------------------
?C_C51STARTUP                      -----    -----
  +--> ?PR?MAIN?MAIN
BL51 BANKED LINKER/LOCATER V6.22.4.0                                                  11/25/2024  14:58:20  PAGE 2


  +--> ?C_INITSEG

?PR?MAIN?MAIN                      0020H    000CH
  +--> ?PR?TIMER0_INIT?MAIN
  +--> ?PR?_DECODE_IRKEY?MAIN



SYMBOL TABLE OF MODULE:  AD (MAIN)

  VALUE           TYPE          NAME
  ----------------------------------

  -------         MODULE        MAIN
  C:0000H         SYMBOL        _ICE_DUMMY_
  D:00A0H         PUBLIC        P2
  D:00B0H         PUBLIC        P3
  C:0A63H         PUBLIC        timer0_isr
  B:00A8H.7       PUBLIC        EA
  D:0008H         PUBLIC        irKey
  C:0800H         PUBLIC        externalIntr0_ISR
  C:09D4H         PUBLIC        _delay
  D:0009H         PUBLIC        pre_newKey
  D:000DH         PUBLIC        bitPattern
  D:0011H         PUBLIC        timerValue
  C:092BH         PUBLIC        main
  C:0A7BH         PUBLIC        Timer0_Init
  D:0089H         PUBLIC        TMOD
  D:0012H         PUBLIC        pulseCount
  B:00A8H.1       PUBLIC        ET0
  D:008CH         PUBLIC        TH0
  B:00A8H.0       PUBLIC        EX0
  B:0088H.0       PUBLIC        IT0
  D:008AH         PUBLIC        TL0
  B:0088H.4       PUBLIC        TR0
  D:0013H         PUBLIC        DisplayData
  B:00A0H.0       PUBLIC        led1
  B:00A0H.1       PUBLIC        led2
  B:00A0H.2       PUBLIC        led3
  D:001BH         PUBLIC        msCount
  C:09F4H         PUBLIC        _Decode_IRKey
  D:001CH         PUBLIC        newKey
  -------         PROC          _DELAY
  D:0006H         SYMBOL        ms
  -------         DO            
  D:0004H         SYMBOL        i
  D:0002H         SYMBOL        j
  -------         ENDDO         
  C:09D4H         LINE#         25
  C:09D4H         LINE#         27
  C:09DEH         LINE#         28
  C:09E1H         LINE#         30
  C:09ECH         LINE#         31
  C:09F3H         LINE#         32
  -------         ENDPROC       _DELAY
  -------         PROC          MAIN
  -------         DO            
BL51 BANKED LINKER/LOCATER V6.22.4.0                                                  11/25/2024  14:58:20  PAGE 3


  D:0020H         SYMBOL        temp
  D:0022H         SYMBOL        sec
  D:0024H         SYMBOL        t1o
  D:0026H         SYMBOL        t1n
  D:0028H         SYMBOL        t2o
  D:002AH         SYMBOL        t2n
  -------         ENDDO         
  C:092BH         LINE#         36
  C:092BH         LINE#         37
  C:092BH         LINE#         39
  C:0931H         LINE#         41
  C:0934H         LINE#         42
  C:0937H         LINE#         43
  C:0939H         LINE#         45
  C:0939H         LINE#         46
  C:0939H         LINE#         50
  C:0962H         LINE#         51
  C:0962H         LINE#         52
  C:0969H         LINE#         53
  C:096EH         LINE#         54
  C:0970H         LINE#         56
  C:0975H         LINE#         57
  C:0977H         LINE#         58
  C:097CH         LINE#         59
  C:097EH         LINE#         61
  C:098AH         LINE#         62
  C:098AH         LINE#         63
  -------         ENDPROC       MAIN
  -------         PROC          _DECODE_IRKEY
  D:0007H         SYMBOL        key
  -------         DO            
  D:0006H         SYMBOL        returnValue
  -------         ENDDO         
  C:09F4H         LINE#         68
  C:09F4H         LINE#         69
  C:09F4H         LINE#         70
  C:0A01H         LINE#         71
  C:0A01H         LINE#         72
  C:0A01H         LINE#         73
  C:0A03H         LINE#         74
  C:0A05H         LINE#         75
  C:0A05H         LINE#         76
  C:0A07H         LINE#         77
  C:0A09H         LINE#         78
  C:0A09H         LINE#         79
  C:0A0BH         LINE#         80
  C:0A0DH         LINE#         81
  C:0A0DH         LINE#         82
  C:0A0FH         LINE#         83
  C:0A0FH         LINE#         84
  C:0A0FH         LINE#         85
  C:0A11H         LINE#         86
  -------         ENDPROC       _DECODE_IRKEY
  -------         PROC          TIMER0_ISR
  C:0A63H         LINE#         89
  C:0A67H         LINE#         91
  C:0A6EH         LINE#         92
BL51 BANKED LINKER/LOCATER V6.22.4.0                                                  11/25/2024  14:58:20  PAGE 4


  C:0A70H         LINE#         95
  C:0A73H         LINE#         96
  C:0A76H         LINE#         97
  -------         ENDPROC       TIMER0_ISR
  -------         PROC          EXTERNALINTR0_ISR
  C:0800H         LINE#         100
  C:0813H         LINE#         102
  C:0816H         LINE#         103
  C:0819H         LINE#         105
  C:081CH         LINE#         106
  C:081FH         LINE#         108
  C:0821H         LINE#         110
  C:0828H         LINE#         111
  C:0828H         LINE#         112
  C:082BH         LINE#         113
  C:0837H         LINE#         114
  C:0839H         LINE#         115
  C:084AH         LINE#         116
  C:084AH         LINE#         117
  C:0851H         LINE#         118
  C:0874H         LINE#         119
  C:0876H         LINE#         120
  C:087FH         LINE#         121
  C:087FH         LINE#         122
  C:088BH         LINE#         123
  C:088EH         LINE#         124
  C:088EH         LINE#         125
  -------         ENDPROC       EXTERNALINTR0_ISR
  -------         PROC          TIMER0_INIT
  C:0A7BH         LINE#         128
  C:0A7BH         LINE#         129
  C:0A7EH         LINE#         130
  C:0A81H         LINE#         131
  C:0A84H         LINE#         132
  C:0A86H         LINE#         133
  C:0A88H         LINE#         134
  C:0A8AH         LINE#         135
  C:0A8CH         LINE#         136
  -------         ENDPROC       TIMER0_INIT
  -------         ENDMOD        MAIN

  -------         MODULE        XPT2046
  C:0000H         SYMBOL        _ICE_DUMMY_
  D:00B0H         PUBLIC        P3
  B:00B0H.5       PUBLIC        CS
  B:00B0H.7       PUBLIC        DOUT
  C:0A4AH         PUBLIC        _Read_AD_Data
  C:098CH         PUBLIC        SPI_Read
  B:00B0H.6       PUBLIC        CLK
  C:0A2EH         PUBLIC        _SPI_Write
  B:00B0H.4       PUBLIC        DIN
  C:0A8DH         PUBLIC        SPI_Start
  -------         PROC          SPI_START
  C:0A8DH         LINE#         9
  C:0A8DH         LINE#         10
  C:0A8DH         LINE#         11
  C:0A8FH         LINE#         12
BL51 BANKED LINKER/LOCATER V6.22.4.0                                                  11/25/2024  14:58:20  PAGE 5


  C:0A91H         LINE#         13
  C:0A93H         LINE#         14
  C:0A95H         LINE#         15
  C:0A97H         LINE#         16
  -------         ENDPROC       SPI_START
  -------         PROC          _SPI_WRITE
  D:0007H         SYMBOL        dat
  -------         DO            
  D:0006H         SYMBOL        i
  -------         ENDDO         
  C:0A2EH         LINE#         24
  C:0A2EH         LINE#         25
  C:0A2EH         LINE#         27
  C:0A30H         LINE#         28
  C:0A32H         LINE#         29
  C:0A32H         LINE#         30
  C:0A3DH         LINE#         31
  C:0A41H         LINE#         32
  C:0A43H         LINE#         34
  C:0A45H         LINE#         36
  C:0A49H         LINE#         37
  -------         ENDPROC       _SPI_WRITE
  -------         PROC          SPI_READ
  -------         DO            
  D:0004H         SYMBOL        i
  D:0006H         SYMBOL        dat
  -------         ENDDO         
  C:098CH         LINE#         45
  C:098CH         LINE#         46
  C:098CH         LINE#         47
  C:098FH         LINE#         48
  C:0991H         LINE#         49
  C:0993H         LINE#         50
  C:0993H         LINE#         51
  C:099AH         LINE#         53
  C:099CH         LINE#         54
  C:099EH         LINE#         56
  C:09A4H         LINE#         58
  C:09AFH         LINE#         59
  C:09AFH         LINE#         60
  -------         ENDPROC       SPI_READ
  -------         PROC          _READ_AD_DATA
  D:0007H         SYMBOL        cmd
  -------         DO            
  D:0007H         SYMBOL        i
  D:0006H         SYMBOL        AD_Value
  -------         ENDDO         
  C:0A4AH         LINE#         68
  C:0A4AH         LINE#         69
  C:0A4AH         LINE#         72
  C:0A4CH         LINE#         73
  C:0A4EH         LINE#         74
  C:0A51H         LINE#         75
  C:0A55H         LINE#         76
  C:0A57H         LINE#         77
  C:0A58H         LINE#         78
  C:0A59H         LINE#         79
BL51 BANKED LINKER/LOCATER V6.22.4.0                                                  11/25/2024  14:58:20  PAGE 6


  C:0A5BH         LINE#         80
  C:0A5CH         LINE#         81
  C:0A5DH         LINE#         82
  C:0A60H         LINE#         83
  C:0A62H         LINE#         84
  C:0A62H         LINE#         85
  -------         ENDPROC       _READ_AD_DATA
  -------         ENDMOD        XPT2046

  -------         MODULE        ?C?ULCMP
  C:09B0H         PUBLIC        ?C?ULCMP
  -------         ENDMOD        ?C?ULCMP

  -------         MODULE        ?C?LSHL
  C:09C1H         PUBLIC        ?C?LSHL
  -------         ENDMOD        ?C?LSHL

*** WARNING L16: UNCALLED SEGMENT, IGNORED FOR OVERLAY PROCESS
    SEGMENT: ?PR?_DELAY?MAIN

*** WARNING L16: UNCALLED SEGMENT, IGNORED FOR OVERLAY PROCESS
    SEGMENT: ?PR?SPI_START?XPT2046

*** WARNING L16: UNCALLED SEGMENT, IGNORED FOR OVERLAY PROCESS
    SEGMENT: ?PR?_READ_AD_DATA?XPT2046

******************************************************************************
* RESTRICTED VERSION WITH 0800H BYTE CODE SIZE LIMIT; USED: 01EDH BYTE (24%) *
******************************************************************************

Program Size: data=45.0 xdata=0 code=673
LINK/LOCATE RUN COMPLETE.  3 WARNING(S),  0 ERROR(S)
