C51 COMPILER V9.60.7.0   MAIN                                                              11/25/2024 14:58:19 PAGE 1   


C51 COMPILER V9.60.7.0, COMPILATION OF MODULE MAIN
OBJECT MODULE PLACED IN main.OBJ
COMPILER INVOKED BY: C:\Keil_v5\C51\BIN\C51.EXE main.c OPTIMIZE(8,SPEED) BROWSE DEBUG OBJECTEXTEND TABS(2)

line level    source

   1          #include"reg51.h"
   2          #include"XPT2046.h"
   3          
   4          
   5          
   6          
   7          sbit led1=P2^0;
   8          sbit led2=P2^1;
   9          sbit led3=P2^2;
  10          
  11          unsigned char irKey = 0;
  12          unsigned long bitPattern = 0;
  13          unsigned long newKey = 0;
  14          unsigned long pre_newKey = 0;
  15          unsigned char timerValue;
  16          unsigned char msCount = 0;
  17          char pulseCount = 0;
  18          
  19          
  20          void Timer0_Init(void);
  21          unsigned char Decode_IRKey(unsigned char key);
  22          void ToggleLED(unsigned char ledNum);  // dao trang thai led 
  23          unsigned char DisplayData[8];   //
  24          void DigDisplay(void);
  25          void delay(unsigned int ms) {
  26   1          unsigned int i, j;
  27   1          for (i = 0; i < ms; i++) {
  28   2              for (j = 0; j < 120; j++) {
  29   3                  ; // Do nothing for delay
  30   3              }
  31   2          }
  32   1      }
  33          
  34          
  35          
  36          void main(void)
  37                    {
  38   1                   uint temp;
  39   1                   uint sec=5;
  40   1                   uint t1o,t1n,t2o,t2n;
  41   1                   P2 = 0xFF;          // 
  42   1                   Timer0_Init();      // 
  43   1                   EA = 1;             //
  44   1                  
  45   1                  while (1)
  46   1                  { 
  47   2                    
  48   2                    
  49   2                    
  50   2                    if ((newKey != 0)&& (pre_newKey != newKey))  // bam phim moi
  51   2                    {   
  52   3                      irKey = Decode_IRKey(newKey);             // giai ma phim
  53   3                      if (irKey == 1 )             // phim 1 thi dao led 1
  54   3                          led1=~led1;
  55   3                      //ToggleLED(irKey); 
C51 COMPILER V9.60.7.0   MAIN                                                              11/25/2024 14:58:19 PAGE 2   

  56   3                      if( irKey==2 )  // phim 2 thi dao led 2
  57   3                          led2=~led2;
  58   3                      if( irKey==3 )  // phim 2 thi dao led 2
  59   3                          led3=~led3;
  60   3              
  61   3                    pre_newKey = newKey;                          // C?p nh?t gi? tr? ph?m tru?c
  62   3                  }
  63   2                }
  64   1              }           
*** WARNING C280 IN LINE 38 OF main.c: 'temp': unreferenced local variable
*** WARNING C280 IN LINE 40 OF main.c: 't1o': unreferenced local variable
*** WARNING C280 IN LINE 40 OF main.c: 't1n': unreferenced local variable
*** WARNING C280 IN LINE 40 OF main.c: 't2o': unreferenced local variable
*** WARNING C280 IN LINE 40 OF main.c: 't2n': unreferenced local variable
  65          
  66          
  67          
  68          unsigned char Decode_IRKey(unsigned char key){
  69   1          unsigned char returnValue = 0;
  70   1          switch (key)
  71   1          {
  72   2          case 0xFF30CF:  // Ph?m '1'
  73   2              returnValue = 1;
  74   2              break;
  75   2          case 0xFF18E7:  // Ph?m '2'
  76   2              returnValue = 2;
  77   2              break;
  78   2          case 0xFF7A85:  // Ph?m '3'
  79   2              returnValue = 3;
  80   2              break;
  81   2          default:
  82   2              returnValue = 0;  // M? kh?ng h?p l?
  83   2              break;
  84   2          }
  85   1          return returnValue;
  86   1      }
  87          
  88          // Ng?t Timer0 d? d?m mili gi?y
  89          void timer0_isr() interrupt 1
  90          {
  91   1          if (msCount < 50)
  92   1              msCount++;
  93   1          
  94   1          // C?u h?nh l?i gi? tr? Timer0 d? ti?p t?c d?m 1ms
  95   1          TH0 = 0xFC; 
  96   1          TL0 = 0x18;  // Gi? tr? du?c t?nh cho t?n s? 12MHz
  97   1      }
  98          
  99          // Ng?t ngo?i d? nh?n t?n hi?u IR
 100          void externalIntr0_ISR() interrupt 0
 101          {
 102   1          timerValue = msCount;
 103   1          msCount = 0;
 104   1          
 105   1          TH0 = 0xFC; 
 106   1          TL0 = 0x18;  // C?u h?nh l?i Timer0
 107   1      
 108   1          pulseCount++;
 109   1          
 110   1          if ((timerValue >= 50))  // N?u d? r?ng xung l?n hon 50ms, d?nh d?u b?t d?u khung (Start Of Frame)
 111   1          {
 112   2              pulseCount = -2;     // B? qua 2 xung d?u
C51 COMPILER V9.60.7.0   MAIN                                                              11/25/2024 14:58:19 PAGE 3   

 113   2              bitPattern = 0;
 114   2          }
 115   1          else if ((pulseCount >= 0) && (pulseCount < 32)) // T?ch luy gi? tr? bit t? 0 d?n 31
 116   1          {
 117   2              if (timerValue >= 2) // Xung c? d? r?ng > 2ms l? bit 1
 118   2                  bitPattern |= (unsigned long)1 << (31 - pulseCount);
 119   2          }
 120   1          else if (pulseCount >= 32) // K?t th?c khung khi nh?n d? 32 bit
 121   1          {
 122   2              newKey = bitPattern;  // Luu m? ph?m m?i
 123   2              pulseCount = 0;
 124   2          }
 125   1      }
 126          
 127          // Kh?i t?o Timer0
 128          void Timer0_Init(){
 129   1          TMOD |= 0x01;     // C?u h?nh Timer0 ? ch? d? 16-bit (MODE 1)
 130   1          TH0 = 0xFC; 
 131   1          TL0 = 0x18;       // Gi? tr? kh?i t?o cho 1ms t?i t?n s? 12 MHz
 132   1          TR0 = 1;          // B?t d?u Timer0
 133   1          ET0 = 1;          // Cho ph?p ng?t Timer0
 134   1          IT0 = 1;          // C?u h?nh ng?t ngo?i INT0 k?ch ho?t ? c?nh xu?ng
 135   1          EX0 = 1;          // Cho ph?p ng?t ngo?i INT0
 136   1      }
 137          
 138          
 139          


MODULE INFORMATION:   STATIC OVERLAYABLE
   CODE SIZE        =    360    ----
   CONSTANT SIZE    =   ----    ----
   XDATA SIZE       =   ----    ----
   PDATA SIZE       =   ----    ----
   DATA SIZE        =     24      12
   IDATA SIZE       =   ----    ----
   BIT SIZE         =   ----    ----
END OF MODULE INFORMATION.


C51 COMPILATION COMPLETE.  5 WARNING(S),  0 ERROR(S)
